Archive member included to satisfy reference by file (symbol)

c:/program files/microchip/xc32/v4.30/bin/bin/../../lib/gcc/pic32c/8.3.1/../../../../pic32c/lib/thumb/v7e-m+fp/hard\libpic32c.a(data_init.o)
                              build/sam_e51_cnano/debug/_ext/570918426/startup_xc32.o (__pic32c_data_initialization)
c:/program files/microchip/xc32/v4.30/bin/bin/../../lib/gcc/pic32c/8.3.1/../../../../pic32c/lib/thumb/v7e-m+fp/hard\libg-musl.a(__libc_start_main.o)
                              build/sam_e51_cnano/debug/_ext/570918426/startup_xc32.o (__libc_init_array)
c:/program files/microchip/xc32/v4.30/bin/bin/../../lib/gcc/pic32c/8.3.1/../../../../pic32c/lib/thumb/v7e-m+fp/hard\libg-musl.a(libc.o)
                              c:/program files/microchip/xc32/v4.30/bin/bin/../../lib/gcc/pic32c/8.3.1/../../../../pic32c/lib/thumb/v7e-m+fp/hard\libg-musl.a(__libc_start_main.o) (__progname_full)
c:/program files/microchip/xc32/v4.30/bin/bin/../../lib/gcc/pic32c/8.3.1/../../../../pic32c/lib/thumb/v7e-m+fp/hard\libg-musl.a(__sio_snprintf_cdnpsxX.o)
                              (_snprintf_cdnpsxX)
c:/program files/microchip/xc32/v4.30/bin/bin/../../lib/gcc/pic32c/8.3.1/../../../../pic32c/lib/thumb/v7e-m+fp/hard\libg-musl.a(__fmt_d.o)
                              c:/program files/microchip/xc32/v4.30/bin/bin/../../lib/gcc/pic32c/8.3.1/../../../../pic32c/lib/thumb/v7e-m+fp/hard\libg-musl.a(__sio_snprintf_cdnpsxX.o) (__fmt_d_needed)
c:/program files/microchip/xc32/v4.30/bin/bin/../../lib/gcc/pic32c/8.3.1/../../../../pic32c/lib/thumb/v7e-m+fp/hard\libg-musl.a(__fmt_s.o)
                              c:/program files/microchip/xc32/v4.30/bin/bin/../../lib/gcc/pic32c/8.3.1/../../../../pic32c/lib/thumb/v7e-m+fp/hard\libg-musl.a(__sio_snprintf_cdnpsxX.o) (__fmt_s_needed)
c:/program files/microchip/xc32/v4.30/bin/bin/../../lib/gcc/pic32c/8.3.1/../../../../pic32c/lib/thumb/v7e-m+fp/hard\libg-musl.a(__fmt_x.o)
                              c:/program files/microchip/xc32/v4.30/bin/bin/../../lib/gcc/pic32c/8.3.1/../../../../pic32c/lib/thumb/v7e-m+fp/hard\libg-musl.a(__sio_snprintf_cdnpsxX.o) (__fmt_x_needed)
c:/program files/microchip/xc32/v4.30/bin/bin/../../lib/gcc/pic32c/8.3.1/../../../../pic32c/lib/thumb/v7e-m+fp/hard\libg-musl.a(__pop_int.o)
                              c:/program files/microchip/xc32/v4.30/bin/bin/../../lib/gcc/pic32c/8.3.1/../../../../pic32c/lib/thumb/v7e-m+fp/hard\libg-musl.a(__sio_snprintf_cdnpsxX.o) (__pop_int_needed)
c:/program files/microchip/xc32/v4.30/bin/bin/../../lib/gcc/pic32c/8.3.1/../../../../pic32c/lib/thumb/v7e-m+fp/hard\libg-musl.a(__pop_ptr.o)
                              c:/program files/microchip/xc32/v4.30/bin/bin/../../lib/gcc/pic32c/8.3.1/../../../../pic32c/lib/thumb/v7e-m+fp/hard\libg-musl.a(__sio_snprintf_cdnpsxX.o) (__pop_ptr_needed)
c:/program files/microchip/xc32/v4.30/bin/bin/../../lib/gcc/pic32c/8.3.1/../../../../pic32c/lib/thumb/v7e-m+fp/hard\libg-musl.a(__printf_core.o)
                              c:/program files/microchip/xc32/v4.30/bin/bin/../../lib/gcc/pic32c/8.3.1/../../../../pic32c/lib/thumb/v7e-m+fp/hard\libg-musl.a(__fmt_d.o) (__pad)
c:/program files/microchip/xc32/v4.30/bin/bin/../../lib/gcc/pic32c/8.3.1/../../../../pic32c/lib/thumb/v7e-m+fp/hard\libg-musl.a(atoi.o)
                              c:/program files/microchip/xc32/v4.30/bin/bin/../../lib/gcc/pic32c/8.3.1/../../../../pic32c/lib/thumb/v7e-m+fp/hard\libg-musl.a(__printf_core.o) (atoi)
c:/program files/microchip/xc32/v4.30/bin/bin/../../lib/gcc/pic32c/8.3.1/../../../../pic32c/lib/thumb/v7e-m+fp/hard\libg-musl.a(memcpy.o)
                              build/sam_e51_cnano/debug/_ext/226030394/plib_nvmctrl.o (memcpy)
c:/program files/microchip/xc32/v4.30/bin/bin/../../lib/gcc/pic32c/8.3.1/../../../../pic32c/lib/thumb/v7e-m+fp/hard\libg-musl.a(memset.o)
                              c:/program files/microchip/xc32/v4.30/bin/bin/../../lib/gcc/pic32c/8.3.1/../../../../pic32c/lib/thumb/v7e-m+fp/hard\libg-musl.a(__printf_core.o) (memset)
c:/program files/microchip/xc32/v4.30/bin/bin/../../lib/gcc/pic32c/8.3.1/../../../../pic32c/lib/thumb/v7e-m+fp/hard\libg-musl.a(strlen.o)
                              build/sam_e51_cnano/debug/_ext/1360937237/main.o (strlen)
c:/program files/microchip/xc32/v4.30/bin/bin/../../lib/gcc/pic32c/8.3.1/../../../../pic32c/lib/thumb/v7e-m+fp/hard\libg-musl.a(tolower.o)
                              c:/program files/microchip/xc32/v4.30/bin/bin/../../lib/gcc/pic32c/8.3.1/../../../../pic32c/lib/thumb/v7e-m+fp/hard\libg-musl.a(__printf_core.o) (tolower)
c:/program files/microchip/xc32/v4.30/bin/bin/../../lib/gcc/pic32c/8.3.1/../../../../pic32c/lib/thumb/v7e-m+fp/hard\libg-musl.a(toupper.o)
                              c:/program files/microchip/xc32/v4.30/bin/bin/../../lib/gcc/pic32c/8.3.1/../../../../pic32c/lib/thumb/v7e-m+fp/hard\libg-musl.a(__fmt_x.o) (toupper)
[...]
Memory Configuration

Name             Origin             Length             Attributes
rom              0x00000000         0x00100000         xrl
ram              0x20000000         0x00040000         xw !r
tcm              0x03000000         0x00000000         xw
config_00804000  0x00804000         0x00000004
config_00804008  0x00804008         0x00000004
config_00804004  0x00804004         0x00000004
*default*        0x00000000         0xffffffff

Linker script and memory map

LOAD c:/program files/microchip/xc32/v4.30/bin/bin/../../lib/gcc/pic32c/8.3.1/thumb/v7e-m+fp/hard/crti.o
LOAD c:/program files/microchip/xc32/v4.30/bin/bin/../../lib/gcc/pic32c/8.3.1/thumb/v7e-m+fp/hard/crtbegin.o
LOAD build/sam_e51_cnano/debug/_ext/7187140/plib_clock.o
LOAD build/sam_e51_cnano/debug/_ext/831051564/plib_cmcc.o
LOAD build/sam_e51_cnano/debug/_ext/831021835/plib_dmac.o
LOAD build/sam_e51_cnano/debug/_ext/1220119669/plib_eic.o
LOAD build/sam_e51_cnano/debug/_ext/9336626/plib_evsys.o
LOAD build/sam_e51_cnano/debug/_ext/830715028/plib_nvic.o
LOAD build/sam_e51_cnano/debug/_ext/226030394/plib_nvmctrl.o
LOAD build/sam_e51_cnano/debug/_ext/830661877/plib_port.o
LOAD build/sam_e51_cnano/debug/_ext/1220132503/plib_rtc_timer.o
LOAD build/sam_e51_cnano/debug/_ext/314480351/plib_sercom5_usart.o
LOAD build/sam_e51_cnano/debug/_ext/865175840/xc32_monitor.o
LOAD build/sam_e51_cnano/debug/_ext/570918426/initialization.o
LOAD build/sam_e51_cnano/debug/_ext/570918426/interrupts.o
LOAD build/sam_e51_cnano/debug/_ext/570918426/exceptions.o
LOAD build/sam_e51_cnano/debug/_ext/570918426/startup_xc32.o
LOAD build/sam_e51_cnano/debug/_ext/570918426/libc_syscalls.o
LOAD build/sam_e51_cnano/debug/_ext/1360937237/main.o
LOAD build/sam_e51_cnano/debug/_ext/1360937237/asmMult.o
                0x00000001                __MPLAB_BUILD = 0x1
                0x00100000                __rom_end = (ORIGIN (rom) + LENGTH (rom))
                0x20040000                __ram_end = (ORIGIN (ram) + LENGTH (ram))

.config_00804000
 *(.config_00804000)

.config_00804008
 *(.config_00804008)

.config_00804004
 *(.config_00804004)

.vectors        0x00000000      0x260
                0x00000000                . = ALIGN (0x4)
                0x00000000                _sfixed = .
 *(.vectors .vectors.* .vectors_default .vectors_default.*)
 .vectors.exception_table
                0x00000000      0x260 build/sam_e51_cnano/debug/_ext/570918426/interrupts.o
                0x00000000                exception_table
 *(.isr_vector)
 *(.reset*)
 *(.after_vectors)

.text           0x00000260       0x20
                0x00000260                . = ALIGN (0x4)
 *(.glue_7t)
 .glue_7t       0x00000260        0x0 linker stubs
 *(.glue_7)
 .glue_7        0x00000260        0x0 linker stubs
 *(.gnu.linkonce.r.*)
 *(.ARM.extab* .gnu.linkonce.armextab.*)
                0x00000260                . = ALIGN (0x4)
 *(.init)
 .init          0x00000260        0x4 c:/program files/microchip/xc32/v4.30/bin/bin/../../lib/gcc/pic32c/8.3.1/thumb/v7e-m+fp/hard/crti.o
                0x00000260                _init
 .init          0x00000264        0x8 c:/program files/microchip/xc32/v4.30/bin/bin/../../lib/gcc/pic32c/8.3.1/thumb/v7e-m+fp/hard/crtn.o
                0x0000026c                . = ALIGN (0x4)
                0x0000026c                __preinit_array_start = .
 *(.preinit_array)
                0x0000026c                __preinit_array_end = .
                0x0000026c                . = ALIGN (0x4)
                0x0000026c                __init_array_start = .
 *(SORT_BY_NAME(.init_array.*))
 *(.init_array)
 .init_array    0x0000026c        0x4 c:/program files/microchip/xc32/v4.30/bin/bin/../../lib/gcc/pic32c/8.3.1/thumb/v7e-m+fp/hard/crtbegin.o
                0x00000270                __init_array_end = .
                0x00000270                . = ALIGN (0x4)
 *crtbegin.o(.ctors)
 *(EXCLUDE_FILE(*crtend.o) .ctors)
 *(SORT_BY_NAME(.ctors.*))
 *crtend.o(.ctors)
                0x00000270                . = ALIGN (0x4)
 *(.fini)
 .fini          0x00000270        0x4 c:/program files/microchip/xc32/v4.30/bin/bin/../../lib/gcc/pic32c/8.3.1/thumb/v7e-m+fp/hard/crti.o
                0x00000270                _fini
 .fini          0x00000274        0x8 c:/program files/microchip/xc32/v4.30/bin/bin/../../lib/gcc/pic32c/8.3.1/thumb/v7e-m+fp/hard/crtn.o
                0x0000027c                . = ALIGN (0x4)
                0x0000027c                __fini_array_start = .
 *(.fini_array)
 .fini_array    0x0000027c        0x4 c:/program files/microchip/xc32/v4.30/bin/bin/../../lib/gcc/pic32c/8.3.1/thumb/v7e-m+fp/hard/crtbegin.o
 *(SORT_BY_NAME(.fini_array.*))
                0x00000280                __fini_array_end = .
 *crtbegin.o(.dtors)
 *(EXCLUDE_FILE(*crtend.o) .dtors)
 *(SORT_BY_NAME(.dtors.*))
 *crtend.o(.dtors)
                0x00000280                . = ALIGN (0x4)
                0x00000280                _efixed = .
                [!provide]                PROVIDE (__exidx_start = .)

.ARM.exidx      0x00000280        0x8
 *(.ARM.exidx* .gnu.linkonce.armexidx.*)
 .ARM.exidx     0x00000280        0x8 c:/program files/microchip/xc32/v4.30/bin/bin/../../lib/gcc/pic32c/8.3.1/thumb/v7e-m+fp/hard\libgcc.a(_udivmoddi4.o)
                [!provide]                PROVIDE (__exidx_end = .)
                0x00000288                . = ALIGN (0x4)
                0x00000288                _etext = .

.bss            0x20000000       0x10
                0x20000000                . = ALIGN (0x4)
                0x20000000                __bss_start__ = .
                0x20000000                _sbss = .
                0x20000000                _szero = .
 *(COMMON)
 COMMON         0x20000000       0x10 build/sam_e51_cnano/debug/_ext/831021835/plib_dmac.o
                0x20000000                dmacChannelObj
                0x20000010                . = ALIGN (0x4)
                0x20000010                __bss_end__ = .
                0x20000010                _ebss = .
                0x20000010                _ezero = .
                0x20000010                . = ALIGN (0x4)
                0x20000010                _end = .
                0x2003ffff                _ram_end_ = ((ORIGIN (ram) + LENGTH (ram)) - 0x1)
                0x00000001                __ICD2RAM = 0x1
                0x00000001                __MPLAB_DEBUG = 0x1
                0x00000001                __DEBUG = 0x1
                0x00000200                _min_heap_size = 0x200
START GROUP
LOAD c:/program files/microchip/xc32/v4.30/bin/bin/../../lib/gcc/pic32c/8.3.1/../../../../pic32c/lib/thumb/v7e-m+fp/hard\libpic32c.a
LOAD c:/program files/microchip/xc32/v4.30/bin/bin/../../lib/gcc/pic32c/8.3.1/../../../../pic32c/lib/thumb/v7e-m+fp/hard\libm-fast-emfloat.a
LOAD c:/program files/microchip/xc32/v4.30/bin/bin/../../lib/gcc/pic32c/8.3.1/../../../../pic32c/lib/thumb/v7e-m+fp/hard\libg-musl.a
LOAD c:/program files/microchip/xc32/v4.30/bin/bin/../../lib/gcc/pic32c/8.3.1/../../../../pic32c/lib/thumb/v7e-m+fp/hard\libc-musl.a
LOAD c:/program files/microchip/xc32/v4.30/bin/bin/../../lib/gcc/pic32c/8.3.1/../../../../pic32c/lib/thumb/v7e-m+fp/hard\libm-fast-emfloat.a
LOAD c:/program files/microchip/xc32/v4.30/bin/bin/../../lib/gcc/pic32c/8.3.1/thumb/v7e-m+fp/hard\libgcc.a
END GROUP
LOAD c:/program files/microchip/xc32/v4.30/bin/bin/../../lib/gcc/pic32c/8.3.1/thumb/v7e-m+fp/hard/crtend.o
LOAD c:/program files/microchip/xc32/v4.30/bin/bin/../../lib/gcc/pic32c/8.3.1/thumb/v7e-m+fp/hard/crtn.o
OUTPUT(dist/sam_e51_cnano/debug/Lab-08-multiply.X.debug.elf elf32-littlearm)
LOAD data_init
LOAD stack

.ARM.attributes
                0x00000000       0x32
 .ARM.attributes
                0x00000000       0x1e c:/program files/microchip/xc32/v4.30/bin/bin/../../lib/gcc/pic32c/8.3.1/thumb/v7e-m+fp/hard/crti.o
 .ARM.attributes
                0x0000001e       0x34 c:/program files/microchip/xc32/v4.30/bin/bin/../../lib/gcc/pic32c/8.3.1/thumb/v7e-m+fp/hard/crtbegin.o
 .ARM.attributes
                0x00000052       0x34 build/sam_e51_cnano/debug/_ext/7187140/plib_clock.o
 .ARM.attributes
                0x00000086       0x34 build/sam_e51_cnano/debug/_ext/831021835/plib_dmac.o
 .ARM.attributes
                0x000000ba       0x34 build/sam_e51_cnano/debug/_ext/1220119669/plib_eic.o
 .ARM.attributes
                0x000000ee       0x34 build/sam_e51_cnano/debug/_ext/9336626/plib_evsys.o
 .ARM.attributes
                0x00000122       0x34 build/sam_e51_cnano/debug/_ext/830715028/plib_nvic.o
 .ARM.attributes
                0x00000156       0x34 build/sam_e51_cnano/debug/_ext/226030394/plib_nvmctrl.o
 .ARM.attributes
                0x0000018a       0x34 build/sam_e51_cnano/debug/_ext/830661877/plib_port.o
 .ARM.attributes
                0x000001be       0x34 build/sam_e51_cnano/debug/_ext/1220132503/plib_rtc_timer.o
 .ARM.attributes
                0x000001f2       0x34 build/sam_e51_cnano/debug/_ext/314480351/plib_sercom5_usart.o
 .ARM.attributes
                0x00000226       0x34 build/sam_e51_cnano/debug/_ext/570918426/initialization.o
 .ARM.attributes
                0x0000025a       0x34 build/sam_e51_cnano/debug/_ext/570918426/interrupts.o
 .ARM.attributes
                0x0000028e       0x34 build/sam_e51_cnano/debug/_ext/570918426/exceptions.o
 .ARM.attributes
                0x000002c2       0x34 build/sam_e51_cnano/debug/_ext/570918426/startup_xc32.o
 .ARM.attributes
                0x000002f6       0x34 build/sam_e51_cnano/debug/_ext/1360937237/main.o
 .ARM.attributes
                0x0000032a       0x20 build/sam_e51_cnano/debug/_ext/1360937237/asmMult.o
 .ARM.attributes
                0x0000034a       0x34 c:/program files/microchip/xc32/v4.30/bin/bin/../../lib/gcc/pic32c/8.3.1/../../../../pic32c/lib/thumb/v7e-m+fp/hard\libpic32c.a(data_init.o)
 .ARM.attributes
                0x0000037e       0x36 c:/program files/microchip/xc32/v4.30/bin/bin/../../lib/gcc/pic32c/8.3.1/../../../../pic32c/lib/thumb/v7e-m+fp/hard\libg-musl.a(__libc_start_main.o)
 .ARM.attributes
                0x000003b4       0x34 c:/program files/microchip/xc32/v4.30/bin/bin/../../lib/gcc/pic32c/8.3.1/../../../../pic32c/lib/thumb/v7e-m+fp/hard\libg-musl.a(libc.o)
 .ARM.attributes
                0x000003e8       0x36 c:/program files/microchip/xc32/v4.30/bin/bin/../../lib/gcc/pic32c/8.3.1/../../../../pic32c/lib/thumb/v7e-m+fp/hard\libg-musl.a(__sio_snprintf_cdnpsxX.o)
 .ARM.attributes
                0x0000041e       0x36 c:/program files/microchip/xc32/v4.30/bin/bin/../../lib/gcc/pic32c/8.3.1/../../../../pic32c/lib/thumb/v7e-m+fp/hard\libg-musl.a(__fmt_d.o)
 .ARM.attributes
                0x00000454       0x36 c:/program files/microchip/xc32/v4.30/bin/bin/../../lib/gcc/pic32c/8.3.1/../../../../pic32c/lib/thumb/v7e-m+fp/hard\libg-musl.a(__fmt_s.o)
 .ARM.attributes
                0x0000048a       0x36 c:/program files/microchip/xc32/v4.30/bin/bin/../../lib/gcc/pic32c/8.3.1/../../../../pic32c/lib/thumb/v7e-m+fp/hard\libg-musl.a(__fmt_x.o)
 .ARM.attributes
                0x000004c0       0x36 c:/program files/microchip/xc32/v4.30/bin/bin/../../lib/gcc/pic32c/8.3.1/../../../../pic32c/lib/thumb/v7e-m+fp/hard\libg-musl.a(__pop_int.o)
 .ARM.attributes
                0x000004f6       0x36 c:/program files/microchip/xc32/v4.30/bin/bin/../../lib/gcc/pic32c/8.3.1/../../../../pic32c/lib/thumb/v7e-m+fp/hard\libg-musl.a(__pop_ptr.o)
 .ARM.attributes
                0x0000052c       0x36 c:/program files/microchip/xc32/v4.30/bin/bin/../../lib/gcc/pic32c/8.3.1/../../../../pic32c/lib/thumb/v7e-m+fp/hard\libg-musl.a(__printf_core.o)
 .ARM.attributes
                0x00000562       0x36 c:/program files/microchip/xc32/v4.30/bin/bin/../../lib/gcc/pic32c/8.3.1/../../../../pic32c/lib/thumb/v7e-m+fp/hard\libg-musl.a(atoi.o)
 .ARM.attributes
                0x00000598       0x36 c:/program files/microchip/xc32/v4.30/bin/bin/../../lib/gcc/pic32c/8.3.1/../../../../pic32c/lib/thumb/v7e-m+fp/hard\libg-musl.a(memcpy.o)
 .ARM.attributes
                0x000005ce       0x36 c:/program files/microchip/xc32/v4.30/bin/bin/../../lib/gcc/pic32c/8.3.1/../../../../pic32c/lib/thumb/v7e-m+fp/hard\libg-musl.a(memset.o)
 .ARM.attributes
                0x00000604       0x36 c:/program files/microchip/xc32/v4.30/bin/bin/../../lib/gcc/pic32c/8.3.1/../../../../pic32c/lib/thumb/v7e-m+fp/hard\libg-musl.a(strlen.o)
 .ARM.attributes
                0x0000063a       0x36 c:/program files/microchip/xc32/v4.30/bin/bin/../../lib/gcc/pic32c/8.3.1/../../../../pic32c/lib/thumb/v7e-m+fp/hard\libg-musl.a(tolower.o)
 .ARM.attributes
                0x00000670       0x36 c:/program files/microchip/xc32/v4.30/bin/bin/../../lib/gcc/pic32c/8.3.1/../../../../pic32c/lib/thumb/v7e-m+fp/hard\libg-musl.a(toupper.o)
 .ARM.attributes
                0x000006a6       0x34 c:/program files/microchip/xc32/v4.30/bin/bin/../../lib/gcc/pic32c/8.3.1/../../../../pic32c/lib/thumb/v7e-m+fp/hard\libg-musl.a(__environ.o)
 .ARM.attributes
                0x000006da       0x34 c:/program files/microchip/xc32/v4.30/bin/bin/../../lib/gcc/pic32c/8.3.1/../../../../pic32c/lib/thumb/v7e-m+fp/hard\libg-musl.a(__errno_location.o)
 .ARM.attributes
                0x0000070e       0x36 c:/program files/microchip/xc32/v4.30/bin/bin/../../lib/gcc/pic32c/8.3.1/../../../../pic32c/lib/thumb/v7e-m+fp/hard\libg-musl.a(__int_vsnprintf.o)
 .ARM.attributes
                0x00000744       0x36 c:/program files/microchip/xc32/v4.30/bin/bin/../../lib/gcc/pic32c/8.3.1/../../../../pic32c/lib/thumb/v7e-m+fp/hard\libg-musl.a(__cvt_u.o)
 .ARM.attributes
                0x0000077a       0x36 c:/program files/microchip/xc32/v4.30/bin/bin/../../lib/gcc/pic32c/8.3.1/../../../../pic32c/lib/thumb/v7e-m+fp/hard\libg-musl.a(__pop_float.o)
 .ARM.attributes
                0x000007b0       0x36 c:/program files/microchip/xc32/v4.30/bin/bin/../../lib/gcc/pic32c/8.3.1/../../../../pic32c/lib/thumb/v7e-m+fp/hard\libg-musl.a(__int_vfprintf.o)
 .ARM.attributes
                0x000007e6       0x1e c:/program files/microchip/xc32/v4.30/bin/bin/../../lib/gcc/pic32c/8.3.1/thumb/v7e-m+fp/hard\libgcc.a(_aeabi_uldivmod.o)
 .ARM.attributes
                0x00000804       0x34 c:/program files/microchip/xc32/v4.30/bin/bin/../../lib/gcc/pic32c/8.3.1/thumb/v7e-m+fp/hard\libgcc.a(_udivmoddi4.o)
 .ARM.attributes
                0x00000838       0x1e c:/program files/microchip/xc32/v4.30/bin/bin/../../lib/gcc/pic32c/8.3.1/thumb/v7e-m+fp/hard\libgcc.a(_dvmd_tls.o)
 .ARM.attributes
                0x00000856       0x1e c:/program files/microchip/xc32/v4.30/bin/bin/../../lib/gcc/pic32c/8.3.1/thumb/v7e-m+fp/hard/crtn.o
 .ARM.attributes
                0x00000874       0x34 c:/program files/microchip/xc32/v4.30/bin/bin/../../lib/gcc/pic32c/8.3.1/../../../../pic32c/lib/thumb/v7e-m+fp/hard\libpic32c.a(pic32_data_init_clear.o)
 .ARM.attributes
                0x000008a8       0x34 c:/program files/microchip/xc32/v4.30/bin/bin/../../lib/gcc/pic32c/8.3.1/../../../../pic32c/lib/thumb/v7e-m+fp/hard\libpic32c.a(pic32_data_init_copy_emb.o)
 .ARM.attributes
                0x000008dc       0x34 c:/program files/microchip/xc32/v4.30/bin/bin/../../lib/gcc/pic32c/8.3.1/../../../../pic32c/lib/thumb/v7e-m+fp/hard\libpic32c.a(pic32_data_init_copy.o)

.comment        0x00000000       0x2b
 .comment       0x00000000       0x2b c:/program files/microchip/xc32/v4.30/bin/bin/../../lib/gcc/pic32c/8.3.1/thumb/v7e-m+fp/hard/crtbegin.o
                                 0x2c (size before relaxing)
 .comment       0x0000002b       0x2c build/sam_e51_cnano/debug/_ext/7187140/plib_clock.o
 .comment       0x0000002b       0x2c build/sam_e51_cnano/debug/_ext/831021835/plib_dmac.o
 .comment       0x0000002b       0x2c build/sam_e51_cnano/debug/_ext/1220119669/plib_eic.o
 .comment       0x0000002b       0x2c build/sam_e51_cnano/debug/_ext/9336626/plib_evsys.o
 .comment       0x0000002b       0x2c build/sam_e51_cnano/debug/_ext/830715028/plib_nvic.o
 .comment       0x0000002b       0x2c build/sam_e51_cnano/debug/_ext/226030394/plib_nvmctrl.o
 .comment       0x0000002b       0x2c build/sam_e51_cnano/debug/_ext/830661877/plib_port.o
 .comment       0x0000002b       0x2c build/sam_e51_cnano/debug/_ext/1220132503/plib_rtc_timer.o
 .comment       0x0000002b       0x2c build/sam_e51_cnano/debug/_ext/314480351/plib_sercom5_usart.o
 .comment       0x0000002b       0x2c build/sam_e51_cnano/debug/_ext/570918426/initialization.o
 .comment       0x0000002b       0x2c build/sam_e51_cnano/debug/_ext/570918426/interrupts.o
 .comment       0x0000002b       0x2c build/sam_e51_cnano/debug/_ext/570918426/exceptions.o
 .comment       0x0000002b       0x2c build/sam_e51_cnano/debug/_ext/570918426/startup_xc32.o
 .comment       0x0000002b       0x2c build/sam_e51_cnano/debug/_ext/1360937237/main.o
 .comment       0x0000002b       0x2c c:/program files/microchip/xc32/v4.30/bin/bin/../../lib/gcc/pic32c/8.3.1/../../../../pic32c/lib/thumb/v7e-m+fp/hard\libpic32c.a(data_init.o)
 .comment       0x0000002b       0x2c c:/program files/microchip/xc32/v4.30/bin/bin/../../lib/gcc/pic32c/8.3.1/../../../../pic32c/lib/thumb/v7e-m+fp/hard\libg-musl.a(__libc_start_main.o)
 .comment       0x0000002b       0x2c c:/program files/microchip/xc32/v4.30/bin/bin/../../lib/gcc/pic32c/8.3.1/../../../../pic32c/lib/thumb/v7e-m+fp/hard\libg-musl.a(libc.o)
 .comment       0x0000002b       0x2c c:/program files/microchip/xc32/v4.30/bin/bin/../../lib/gcc/pic32c/8.3.1/../../../../pic32c/lib/thumb/v7e-m+fp/hard\libg-musl.a(__sio_snprintf_cdnpsxX.o)
 .comment       0x0000002b       0x2c c:/program files/microchip/xc32/v4.30/bin/bin/../../lib/gcc/pic32c/8.3.1/../../../../pic32c/lib/thumb/v7e-m+fp/hard\libg-musl.a(__fmt_d.o)
 .comment       0x0000002b       0x2c c:/program files/microchip/xc32/v4.30/bin/bin/../../lib/gcc/pic32c/8.3.1/../../../../pic32c/lib/thumb/v7e-m+fp/hard\libg-musl.a(__fmt_s.o)
 .comment       0x0000002b       0x2c c:/program files/microchip/xc32/v4.30/bin/bin/../../lib/gcc/pic32c/8.3.1/../../../../pic32c/lib/thumb/v7e-m+fp/hard\libg-musl.a(__fmt_x.o)
 .comment       0x0000002b       0x2c c:/program files/microchip/xc32/v4.30/bin/bin/../../lib/gcc/pic32c/8.3.1/../../../../pic32c/lib/thumb/v7e-m+fp/hard\libg-musl.a(__pop_int.o)
 .comment       0x0000002b       0x2c c:/program files/microchip/xc32/v4.30/bin/bin/../../lib/gcc/pic32c/8.3.1/../../../../pic32c/lib/thumb/v7e-m+fp/hard\libg-musl.a(__pop_ptr.o)
 .comment       0x0000002b       0x2c c:/program files/microchip/xc32/v4.30/bin/bin/../../lib/gcc/pic32c/8.3.1/../../../../pic32c/lib/thumb/v7e-m+fp/hard\libg-musl.a(__printf_core.o)
 .comment       0x0000002b       0x2c c:/program files/microchip/xc32/v4.30/bin/bin/../../lib/gcc/pic32c/8.3.1/../../../../pic32c/lib/thumb/v7e-m+fp/hard\libg-musl.a(atoi.o)
 .comment       0x0000002b       0x2c c:/program files/microchip/xc32/v4.30/bin/bin/../../lib/gcc/pic32c/8.3.1/../../../../pic32c/lib/thumb/v7e-m+fp/hard\libg-musl.a(memcpy.o)
 .comment       0x0000002b       0x2c c:/program files/microchip/xc32/v4.30/bin/bin/../../lib/gcc/pic32c/8.3.1/../../../../pic32c/lib/thumb/v7e-m+fp/hard\libg-musl.a(memset.o)
 .comment       0x0000002b       0x2c c:/program files/microchip/xc32/v4.30/bin/bin/../../lib/gcc/pic32c/8.3.1/../../../../pic32c/lib/thumb/v7e-m+fp/hard\libg-musl.a(strlen.o)
 .comment       0x0000002b       0x2c c:/program files/microchip/xc32/v4.30/bin/bin/../../lib/gcc/pic32c/8.3.1/../../../../pic32c/lib/thumb/v7e-m+fp/hard\libg-musl.a(tolower.o)
 .comment       0x0000002b       0x2c c:/program files/microchip/xc32/v4.30/bin/bin/../../lib/gcc/pic32c/8.3.1/../../../../pic32c/lib/thumb/v7e-m+fp/hard\libg-musl.a(toupper.o)
 .comment       0x0000002b       0x2c c:/program files/microchip/xc32/v4.30/bin/bin/../../lib/gcc/pic32c/8.3.1/../../../../pic32c/lib/thumb/v7e-m+fp/hard\libg-musl.a(__environ.o)
 .comment       0x0000002b       0x2c c:/program files/microchip/xc32/v4.30/bin/bin/../../lib/gcc/pic32c/8.3.1/../../../../pic32c/lib/thumb/v7e-m+fp/hard\libg-musl.a(__errno_location.o)
 .comment       0x0000002b       0x2c c:/program files/microchip/xc32/v4.30/bin/bin/../../lib/gcc/pic32c/8.3.1/../../../../pic32c/lib/thumb/v7e-m+fp/hard\libg-musl.a(__int_vsnprintf.o)
 .comment       0x0000002b       0x2c c:/program files/microchip/xc32/v4.30/bin/bin/../../lib/gcc/pic32c/8.3.1/../../../../pic32c/lib/thumb/v7e-m+fp/hard\libg-musl.a(__cvt_u.o)
 .comment       0x0000002b       0x2c c:/program files/microchip/xc32/v4.30/bin/bin/../../lib/gcc/pic32c/8.3.1/../../../../pic32c/lib/thumb/v7e-m+fp/hard\libg-musl.a(__pop_float.o)
 .comment       0x0000002b       0x2c c:/program files/microchip/xc32/v4.30/bin/bin/../../lib/gcc/pic32c/8.3.1/../../../../pic32c/lib/thumb/v7e-m+fp/hard\libg-musl.a(__int_vfprintf.o)
 .comment       0x0000002b       0x2c c:/program files/microchip/xc32/v4.30/bin/bin/../../lib/gcc/pic32c/8.3.1/thumb/v7e-m+fp/hard\libgcc.a(_udivmoddi4.o)
 .comment       0x0000002b       0x2c c:/program files/microchip/xc32/v4.30/bin/bin/../../lib/gcc/pic32c/8.3.1/../../../../pic32c/lib/thumb/v7e-m+fp/hard\libpic32c.a(pic32_data_init_clear.o)
 .comment       0x0000002b       0x2c c:/program files/microchip/xc32/v4.30/bin/bin/../../lib/gcc/pic32c/8.3.1/../../../../pic32c/lib/thumb/v7e-m+fp/hard\libpic32c.a(pic32_data_init_copy_emb.o)
 .comment       0x0000002b       0x2c c:/program files/microchip/xc32/v4.30/bin/bin/../../lib/gcc/pic32c/8.3.1/../../../../pic32c/lib/thumb/v7e-m+fp/hard\libpic32c.a(pic32_data_init_copy.o)

.debug_info     0x00000000    0x12af6
 .debug_info    0x00000000      0xbd6 build/sam_e51_cnano/debug/_ext/7187140/plib_clock.o
 .debug_info    0x00000bd6     0x1201 build/sam_e51_cnano/debug/_ext/831021835/plib_dmac.o
 .debug_info    0x00001dd7      0x799 build/sam_e51_cnano/debug/_ext/1220119669/plib_eic.o
 .debug_info    0x00002570      0x3aa build/sam_e51_cnano/debug/_ext/9336626/plib_evsys.o
 .debug_info    0x0000291a     0x1319 build/sam_e51_cnano/debug/_ext/830715028/plib_nvic.o
 .debug_info    0x00003c33      0xcbe build/sam_e51_cnano/debug/_ext/226030394/plib_nvmctrl.o
 .debug_info    0x000048f1      0xe2d build/sam_e51_cnano/debug/_ext/830661877/plib_port.o
 .debug_info    0x0000571e     0x1075 build/sam_e51_cnano/debug/_ext/1220132503/plib_rtc_timer.o
 .debug_info    0x00006793     0x1396 build/sam_e51_cnano/debug/_ext/314480351/plib_sercom5_usart.o
 .debug_info    0x00007b29      0x3b7 build/sam_e51_cnano/debug/_ext/570918426/initialization.o
 .debug_info    0x00007ee0     0x1709 build/sam_e51_cnano/debug/_ext/570918426/interrupts.o
 .debug_info    0x000095e9      0x471 build/sam_e51_cnano/debug/_ext/570918426/exceptions.o
 .debug_info    0x00009a5a      0x8d3 build/sam_e51_cnano/debug/_ext/570918426/startup_xc32.o
 .debug_info    0x0000a32d     0x16f7 build/sam_e51_cnano/debug/_ext/1360937237/main.o
 .debug_info    0x0000ba24       0x26 build/sam_e51_cnano/debug/_ext/1360937237/asmMult.o
 .debug_info    0x0000ba4a      0x2bd c:/program files/microchip/xc32/v4.30/bin/bin/../../lib/gcc/pic32c/8.3.1/../../../../pic32c/lib/thumb/v7e-m+fp/hard\libpic32c.a(data_init.o)
 .debug_info    0x0000bd07      0x621 c:/program files/microchip/xc32/v4.30/bin/bin/../../lib/gcc/pic32c/8.3.1/../../../../pic32c/lib/thumb/v7e-m+fp/hard\libg-musl.a(__libc_start_main.o)
 .debug_info    0x0000c328      0x533 c:/program files/microchip/xc32/v4.30/bin/bin/../../lib/gcc/pic32c/8.3.1/../../../../pic32c/lib/thumb/v7e-m+fp/hard\libg-musl.a(libc.o)
 .debug_info    0x0000c85b      0x481 c:/program files/microchip/xc32/v4.30/bin/bin/../../lib/gcc/pic32c/8.3.1/../../../../pic32c/lib/thumb/v7e-m+fp/hard\libg-musl.a(__sio_snprintf_cdnpsxX.o)
 .debug_info    0x0000ccdc      0x5c0 c:/program files/microchip/xc32/v4.30/bin/bin/../../lib/gcc/pic32c/8.3.1/../../../../pic32c/lib/thumb/v7e-m+fp/hard\libg-musl.a(__fmt_d.o)
 .debug_info    0x0000d29c      0x535 c:/program files/microchip/xc32/v4.30/bin/bin/../../lib/gcc/pic32c/8.3.1/../../../../pic32c/lib/thumb/v7e-m+fp/hard\libg-musl.a(__fmt_s.o)
 .debug_info    0x0000d7d1      0x5c1 c:/program files/microchip/xc32/v4.30/bin/bin/../../lib/gcc/pic32c/8.3.1/../../../../pic32c/lib/thumb/v7e-m+fp/hard\libg-musl.a(__fmt_x.o)
 .debug_info    0x0000dd92      0x3ff c:/program files/microchip/xc32/v4.30/bin/bin/../../lib/gcc/pic32c/8.3.1/../../../../pic32c/lib/thumb/v7e-m+fp/hard\libg-musl.a(__pop_int.o)
 .debug_info    0x0000e191      0x405 c:/program files/microchip/xc32/v4.30/bin/bin/../../lib/gcc/pic32c/8.3.1/../../../../pic32c/lib/thumb/v7e-m+fp/hard\libg-musl.a(__pop_ptr.o)
 .debug_info    0x0000e596      0xd6c c:/program files/microchip/xc32/v4.30/bin/bin/../../lib/gcc/pic32c/8.3.1/../../../../pic32c/lib/thumb/v7e-m+fp/hard\libg-musl.a(__printf_core.o)
 .debug_info    0x0000f302      0x2f9 c:/program files/microchip/xc32/v4.30/bin/bin/../../lib/gcc/pic32c/8.3.1/../../../../pic32c/lib/thumb/v7e-m+fp/hard\libg-musl.a(atoi.o)
 .debug_info    0x0000f5fb      0x2ef c:/program files/microchip/xc32/v4.30/bin/bin/../../lib/gcc/pic32c/8.3.1/../../../../pic32c/lib/thumb/v7e-m+fp/hard\libg-musl.a(memcpy.o)
 .debug_info    0x0000f8ea      0x2b3 c:/program files/microchip/xc32/v4.30/bin/bin/../../lib/gcc/pic32c/8.3.1/../../../../pic32c/lib/thumb/v7e-m+fp/hard\libg-musl.a(memset.o)
 .debug_info    0x0000fb9d      0x2a4 c:/program files/microchip/xc32/v4.30/bin/bin/../../lib/gcc/pic32c/8.3.1/../../../../pic32c/lib/thumb/v7e-m+fp/hard\libg-musl.a(strlen.o)
 .debug_info    0x0000fe41      0x351 c:/program files/microchip/xc32/v4.30/bin/bin/../../lib/gcc/pic32c/8.3.1/../../../../pic32c/lib/thumb/v7e-m+fp/hard\libg-musl.a(tolower.o)
 .debug_info    0x00010192      0x351 c:/program files/microchip/xc32/v4.30/bin/bin/../../lib/gcc/pic32c/8.3.1/../../../../pic32c/lib/thumb/v7e-m+fp/hard\libg-musl.a(toupper.o)
 .debug_info    0x000104e3      0x2ad c:/program files/microchip/xc32/v4.30/bin/bin/../../lib/gcc/pic32c/8.3.1/../../../../pic32c/lib/thumb/v7e-m+fp/hard\libg-musl.a(__environ.o)
 .debug_info    0x00010790      0x271 c:/program files/microchip/xc32/v4.30/bin/bin/../../lib/gcc/pic32c/8.3.1/../../../../pic32c/lib/thumb/v7e-m+fp/hard\libg-musl.a(__errno_location.o)
 .debug_info    0x00010a01      0x4a4 c:/program files/microchip/xc32/v4.30/bin/bin/../../lib/gcc/pic32c/8.3.1/../../../../pic32c/lib/thumb/v7e-m+fp/hard\libg-musl.a(__int_vsnprintf.o)
 .debug_info    0x00010ea5      0x441 c:/program files/microchip/xc32/v4.30/bin/bin/../../lib/gcc/pic32c/8.3.1/../../../../pic32c/lib/thumb/v7e-m+fp/hard\libg-musl.a(__cvt_u.o)
 .debug_info    0x000112e6      0x3db c:/program files/microchip/xc32/v4.30/bin/bin/../../lib/gcc/pic32c/8.3.1/../../../../pic32c/lib/thumb/v7e-m+fp/hard\libg-musl.a(__pop_float.o)
 .debug_info    0x000116c1      0x477 c:/program files/microchip/xc32/v4.30/bin/bin/../../lib/gcc/pic32c/8.3.1/../../../../pic32c/lib/thumb/v7e-m+fp/hard\libg-musl.a(__int_vfprintf.o)
 .debug_info    0x00011b38       0x26 c:/program files/microchip/xc32/v4.30/bin/bin/../../lib/gcc/pic32c/8.3.1/thumb/v7e-m+fp/hard\libgcc.a(_aeabi_uldivmod.o)
 .debug_info    0x00011b5e      0x7aa c:/program files/microchip/xc32/v4.30/bin/bin/../../lib/gcc/pic32c/8.3.1/thumb/v7e-m+fp/hard\libgcc.a(_udivmoddi4.o)
 .debug_info    0x00012308       0x26 c:/program files/microchip/xc32/v4.30/bin/bin/../../lib/gcc/pic32c/8.3.1/thumb/v7e-m+fp/hard\libgcc.a(_dvmd_tls.o)
 .debug_info    0x0001232e      0x296 c:/program files/microchip/xc32/v4.30/bin/bin/../../lib/gcc/pic32c/8.3.1/../../../../pic32c/lib/thumb/v7e-m+fp/hard\libpic32c.a(pic32_data_init_clear.o)
 .debug_info    0x000125c4      0x29d c:/program files/microchip/xc32/v4.30/bin/bin/../../lib/gcc/pic32c/8.3.1/../../../../pic32c/lib/thumb/v7e-m+fp/hard\libpic32c.a(pic32_data_init_copy_emb.o)
 .debug_info    0x00012861      0x295 c:/program files/microchip/xc32/v4.30/bin/bin/../../lib/gcc/pic32c/8.3.1/../../../../pic32c/lib/thumb/v7e-m+fp/hard\libpic32c.a(pic32_data_init_copy.o)

.debug_abbrev   0x00000000     0x28be
 .debug_abbrev  0x00000000      0x102 build/sam_e51_cnano/debug/_ext/7187140/plib_clock.o
 .debug_abbrev  0x00000102      0x2ff build/sam_e51_cnano/debug/_ext/831021835/plib_dmac.o
 .debug_abbrev  0x00000401      0x168 build/sam_e51_cnano/debug/_ext/1220119669/plib_eic.o
 .debug_abbrev  0x00000569       0x3b build/sam_e51_cnano/debug/_ext/9336626/plib_evsys.o
 .debug_abbrev  0x000005a4      0x1ee build/sam_e51_cnano/debug/_ext/830715028/plib_nvic.o
 .debug_abbrev  0x00000792      0x1d9 build/sam_e51_cnano/debug/_ext/226030394/plib_nvmctrl.o
 .debug_abbrev  0x0000096b      0x189 build/sam_e51_cnano/debug/_ext/830661877/plib_port.o
 .debug_abbrev  0x00000af4      0x1c0 build/sam_e51_cnano/debug/_ext/1220132503/plib_rtc_timer.o
 .debug_abbrev  0x00000cb4      0x1f6 build/sam_e51_cnano/debug/_ext/314480351/plib_sercom5_usart.o
 .debug_abbrev  0x00000eaa       0x53 build/sam_e51_cnano/debug/_ext/570918426/initialization.o
 .debug_abbrev  0x00000efd       0xb5 build/sam_e51_cnano/debug/_ext/570918426/interrupts.o
 .debug_abbrev  0x00000fb2       0x3e build/sam_e51_cnano/debug/_ext/570918426/exceptions.o
 .debug_abbrev  0x00000ff0      0x1d1 build/sam_e51_cnano/debug/_ext/570918426/startup_xc32.o
 .debug_abbrev  0x000011c1      0x1f1 build/sam_e51_cnano/debug/_ext/1360937237/main.o
 .debug_abbrev  0x000013b2       0x14 build/sam_e51_cnano/debug/_ext/1360937237/asmMult.o
 .debug_abbrev  0x000013c6       0x44 c:/program files/microchip/xc32/v4.30/bin/bin/../../lib/gcc/pic32c/8.3.1/../../../../pic32c/lib/thumb/v7e-m+fp/hard\libpic32c.a(data_init.o)
 .debug_abbrev  0x0000140a      0x117 c:/program files/microchip/xc32/v4.30/bin/bin/../../lib/gcc/pic32c/8.3.1/../../../../pic32c/lib/thumb/v7e-m+fp/hard\libg-musl.a(__libc_start_main.o)
 .debug_abbrev  0x00001521       0xb8 c:/program files/microchip/xc32/v4.30/bin/bin/../../lib/gcc/pic32c/8.3.1/../../../../pic32c/lib/thumb/v7e-m+fp/hard\libg-musl.a(libc.o)
 .debug_abbrev  0x000015d9      0x12e c:/program files/microchip/xc32/v4.30/bin/bin/../../lib/gcc/pic32c/8.3.1/../../../../pic32c/lib/thumb/v7e-m+fp/hard\libg-musl.a(__sio_snprintf_cdnpsxX.o)
 .debug_abbrev  0x00001707      0x120 c:/program files/microchip/xc32/v4.30/bin/bin/../../lib/gcc/pic32c/8.3.1/../../../../pic32c/lib/thumb/v7e-m+fp/hard\libg-musl.a(__fmt_d.o)
 .debug_abbrev  0x00001827      0x10b c:/program files/microchip/xc32/v4.30/bin/bin/../../lib/gcc/pic32c/8.3.1/../../../../pic32c/lib/thumb/v7e-m+fp/hard\libg-musl.a(__fmt_s.o)
 .debug_abbrev  0x00001932      0x10f c:/program files/microchip/xc32/v4.30/bin/bin/../../lib/gcc/pic32c/8.3.1/../../../../pic32c/lib/thumb/v7e-m+fp/hard\libg-musl.a(__fmt_x.o)
 .debug_abbrev  0x00001a41       0xbd c:/program files/microchip/xc32/v4.30/bin/bin/../../lib/gcc/pic32c/8.3.1/../../../../pic32c/lib/thumb/v7e-m+fp/hard\libg-musl.a(__pop_int.o)
 .debug_abbrev  0x00001afe       0xce c:/program files/microchip/xc32/v4.30/bin/bin/../../lib/gcc/pic32c/8.3.1/../../../../pic32c/lib/thumb/v7e-m+fp/hard\libg-musl.a(__pop_ptr.o)
 .debug_abbrev  0x00001bcc      0x2c5 c:/program files/microchip/xc32/v4.30/bin/bin/../../lib/gcc/pic32c/8.3.1/../../../../pic32c/lib/thumb/v7e-m+fp/hard\libg-musl.a(__printf_core.o)
 .debug_abbrev  0x00001e91       0xbb c:/program files/microchip/xc32/v4.30/bin/bin/../../lib/gcc/pic32c/8.3.1/../../../../pic32c/lib/thumb/v7e-m+fp/hard\libg-musl.a(atoi.o)
 .debug_abbrev  0x00001f4c       0x9c c:/program files/microchip/xc32/v4.30/bin/bin/../../lib/gcc/pic32c/8.3.1/../../../../pic32c/lib/thumb/v7e-m+fp/hard\libg-musl.a(memcpy.o)
 .debug_abbrev  0x00001fe8       0x97 c:/program files/microchip/xc32/v4.30/bin/bin/../../lib/gcc/pic32c/8.3.1/../../../../pic32c/lib/thumb/v7e-m+fp/hard\libg-musl.a(memset.o)
 .debug_abbrev  0x0000207f       0x86 c:/program files/microchip/xc32/v4.30/bin/bin/../../lib/gcc/pic32c/8.3.1/../../../../pic32c/lib/thumb/v7e-m+fp/hard\libg-musl.a(strlen.o)
 .debug_abbrev  0x00002105       0xfd c:/program files/microchip/xc32/v4.30/bin/bin/../../lib/gcc/pic32c/8.3.1/../../../../pic32c/lib/thumb/v7e-m+fp/hard\libg-musl.a(tolower.o)
 .debug_abbrev  0x00002202       0xfd c:/program files/microchip/xc32/v4.30/bin/bin/../../lib/gcc/pic32c/8.3.1/../../../../pic32c/lib/thumb/v7e-m+fp/hard\libg-musl.a(toupper.o)
 .debug_abbrev  0x000022ff       0x57 c:/program files/microchip/xc32/v4.30/bin/bin/../../lib/gcc/pic32c/8.3.1/../../../../pic32c/lib/thumb/v7e-m+fp/hard\libg-musl.a(__environ.o)
 .debug_abbrev  0x00002356       0x2e c:/program files/microchip/xc32/v4.30/bin/bin/../../lib/gcc/pic32c/8.3.1/../../../../pic32c/lib/thumb/v7e-m+fp/hard\libg-musl.a(__errno_location.o)
 .debug_abbrev  0x00002384      0x127 c:/program files/microchip/xc32/v4.30/bin/bin/../../lib/gcc/pic32c/8.3.1/../../../../pic32c/lib/thumb/v7e-m+fp/hard\libg-musl.a(__int_vsnprintf.o)
 .debug_abbrev  0x000024ab       0xa1 c:/program files/microchip/xc32/v4.30/bin/bin/../../lib/gcc/pic32c/8.3.1/../../../../pic32c/lib/thumb/v7e-m+fp/hard\libg-musl.a(__cvt_u.o)
 .debug_abbrev  0x0000254c       0xbd c:/program files/microchip/xc32/v4.30/bin/bin/../../lib/gcc/pic32c/8.3.1/../../../../pic32c/lib/thumb/v7e-m+fp/hard\libg-musl.a(__pop_float.o)
 .debug_abbrev  0x00002609      0x111 c:/program files/microchip/xc32/v4.30/bin/bin/../../lib/gcc/pic32c/8.3.1/../../../../pic32c/lib/thumb/v7e-m+fp/hard\libg-musl.a(__int_vfprintf.o)
 .debug_abbrev  0x0000271a       0x14 c:/program files/microchip/xc32/v4.30/bin/bin/../../lib/gcc/pic32c/8.3.1/thumb/v7e-m+fp/hard\libgcc.a(_aeabi_uldivmod.o)
 .debug_abbrev  0x0000272e       0xf2 c:/program files/microchip/xc32/v4.30/bin/bin/../../lib/gcc/pic32c/8.3.1/thumb/v7e-m+fp/hard\libgcc.a(_udivmoddi4.o)
 .debug_abbrev  0x00002820       0x14 c:/program files/microchip/xc32/v4.30/bin/bin/../../lib/gcc/pic32c/8.3.1/thumb/v7e-m+fp/hard\libgcc.a(_dvmd_tls.o)
 .debug_abbrev  0x00002834       0x2e c:/program files/microchip/xc32/v4.30/bin/bin/../../lib/gcc/pic32c/8.3.1/../../../../pic32c/lib/thumb/v7e-m+fp/hard\libpic32c.a(pic32_data_init_clear.o)
 .debug_abbrev  0x00002862       0x2e c:/program files/microchip/xc32/v4.30/bin/bin/../../lib/gcc/pic32c/8.3.1/../../../../pic32c/lib/thumb/v7e-m+fp/hard\libpic32c.a(pic32_data_init_copy_emb.o)
 .debug_abbrev  0x00002890       0x2e c:/program files/microchip/xc32/v4.30/bin/bin/../../lib/gcc/pic32c/8.3.1/../../../../pic32c/lib/thumb/v7e-m+fp/hard\libpic32c.a(pic32_data_init_copy.o)

.debug_loc      0x00000000     0x4a02
 .debug_loc     0x00000000      0x208 build/sam_e51_cnano/debug/_ext/7187140/plib_clock.o
 .debug_loc     0x00000208      0x598 build/sam_e51_cnano/debug/_ext/831021835/plib_dmac.o
 .debug_loc     0x000007a0      0x184 build/sam_e51_cnano/debug/_ext/1220119669/plib_eic.o
 .debug_loc     0x00000924       0x44 build/sam_e51_cnano/debug/_ext/9336626/plib_evsys.o
 .debug_loc     0x00000968      0x23c build/sam_e51_cnano/debug/_ext/830715028/plib_nvic.o
 .debug_loc     0x00000ba4      0x678 build/sam_e51_cnano/debug/_ext/226030394/plib_nvmctrl.o
 .debug_loc     0x0000121c      0x3dc build/sam_e51_cnano/debug/_ext/830661877/plib_port.o
 .debug_loc     0x000015f8      0x52c build/sam_e51_cnano/debug/_ext/1220132503/plib_rtc_timer.o
 .debug_loc     0x00001b24      0x37c build/sam_e51_cnano/debug/_ext/314480351/plib_sercom5_usart.o
 .debug_loc     0x00001ea0       0x50 build/sam_e51_cnano/debug/_ext/570918426/initialization.o
 .debug_loc     0x00001ef0      0x108 build/sam_e51_cnano/debug/_ext/570918426/exceptions.o
 .debug_loc     0x00001ff8      0x11c build/sam_e51_cnano/debug/_ext/570918426/startup_xc32.o
 .debug_loc     0x00002114      0x1f0 build/sam_e51_cnano/debug/_ext/1360937237/main.o
 .debug_loc     0x00002304       0x14 c:/program files/microchip/xc32/v4.30/bin/bin/../../lib/gcc/pic32c/8.3.1/../../../../pic32c/lib/thumb/v7e-m+fp/hard\libpic32c.a(data_init.o)
 .debug_loc     0x00002318       0x51 c:/program files/microchip/xc32/v4.30/bin/bin/../../lib/gcc/pic32c/8.3.1/../../../../pic32c/lib/thumb/v7e-m+fp/hard\libg-musl.a(__libc_start_main.o)
 .debug_loc     0x00002369       0xdb c:/program files/microchip/xc32/v4.30/bin/bin/../../lib/gcc/pic32c/8.3.1/../../../../pic32c/lib/thumb/v7e-m+fp/hard\libg-musl.a(__sio_snprintf_cdnpsxX.o)
 .debug_loc     0x00002444      0x1ef c:/program files/microchip/xc32/v4.30/bin/bin/../../lib/gcc/pic32c/8.3.1/../../../../pic32c/lib/thumb/v7e-m+fp/hard\libg-musl.a(__fmt_d.o)
 .debug_loc     0x00002633      0x157 c:/program files/microchip/xc32/v4.30/bin/bin/../../lib/gcc/pic32c/8.3.1/../../../../pic32c/lib/thumb/v7e-m+fp/hard\libg-musl.a(__fmt_s.o)
 .debug_loc     0x0000278a      0x26d c:/program files/microchip/xc32/v4.30/bin/bin/../../lib/gcc/pic32c/8.3.1/../../../../pic32c/lib/thumb/v7e-m+fp/hard\libg-musl.a(__fmt_x.o)
 .debug_loc     0x000029f7      0x2f5 c:/program files/microchip/xc32/v4.30/bin/bin/../../lib/gcc/pic32c/8.3.1/../../../../pic32c/lib/thumb/v7e-m+fp/hard\libg-musl.a(__pop_int.o)
 .debug_loc     0x00002cec      0x1db c:/program files/microchip/xc32/v4.30/bin/bin/../../lib/gcc/pic32c/8.3.1/../../../../pic32c/lib/thumb/v7e-m+fp/hard\libg-musl.a(__pop_ptr.o)
 .debug_loc     0x00002ec7      0x5e9 c:/program files/microchip/xc32/v4.30/bin/bin/../../lib/gcc/pic32c/8.3.1/../../../../pic32c/lib/thumb/v7e-m+fp/hard\libg-musl.a(__printf_core.o)
 .debug_loc     0x000034b0       0xd8 c:/program files/microchip/xc32/v4.30/bin/bin/../../lib/gcc/pic32c/8.3.1/../../../../pic32c/lib/thumb/v7e-m+fp/hard\libg-musl.a(atoi.o)
 .debug_loc     0x00003588       0xe5 c:/program files/microchip/xc32/v4.30/bin/bin/../../lib/gcc/pic32c/8.3.1/../../../../pic32c/lib/thumb/v7e-m+fp/hard\libg-musl.a(memcpy.o)
 .debug_loc     0x0000366d       0x56 c:/program files/microchip/xc32/v4.30/bin/bin/../../lib/gcc/pic32c/8.3.1/../../../../pic32c/lib/thumb/v7e-m+fp/hard\libg-musl.a(memset.o)
 .debug_loc     0x000036c3       0x47 c:/program files/microchip/xc32/v4.30/bin/bin/../../lib/gcc/pic32c/8.3.1/../../../../pic32c/lib/thumb/v7e-m+fp/hard\libg-musl.a(strlen.o)
 .debug_loc     0x0000370a       0x4a c:/program files/microchip/xc32/v4.30/bin/bin/../../lib/gcc/pic32c/8.3.1/../../../../pic32c/lib/thumb/v7e-m+fp/hard\libg-musl.a(tolower.o)
 .debug_loc     0x00003754       0x4a c:/program files/microchip/xc32/v4.30/bin/bin/../../lib/gcc/pic32c/8.3.1/../../../../pic32c/lib/thumb/v7e-m+fp/hard\libg-musl.a(toupper.o)
 .debug_loc     0x0000379e       0xfd c:/program files/microchip/xc32/v4.30/bin/bin/../../lib/gcc/pic32c/8.3.1/../../../../pic32c/lib/thumb/v7e-m+fp/hard\libg-musl.a(__int_vsnprintf.o)
 .debug_loc     0x0000389b      0x198 c:/program files/microchip/xc32/v4.30/bin/bin/../../lib/gcc/pic32c/8.3.1/../../../../pic32c/lib/thumb/v7e-m+fp/hard\libg-musl.a(__cvt_u.o)
 .debug_loc     0x00003a33       0xa6 c:/program files/microchip/xc32/v4.30/bin/bin/../../lib/gcc/pic32c/8.3.1/../../../../pic32c/lib/thumb/v7e-m+fp/hard\libg-musl.a(__pop_float.o)
 .debug_loc     0x00003ad9       0x88 c:/program files/microchip/xc32/v4.30/bin/bin/../../lib/gcc/pic32c/8.3.1/../../../../pic32c/lib/thumb/v7e-m+fp/hard\libg-musl.a(__int_vfprintf.o)
 .debug_loc     0x00003b61      0xe79 c:/program files/microchip/xc32/v4.30/bin/bin/../../lib/gcc/pic32c/8.3.1/thumb/v7e-m+fp/hard\libgcc.a(_udivmoddi4.o)
 .debug_loc     0x000049da       0x14 c:/program files/microchip/xc32/v4.30/bin/bin/../../lib/gcc/pic32c/8.3.1/../../../../pic32c/lib/thumb/v7e-m+fp/hard\libpic32c.a(pic32_data_init_copy_emb.o)
 .debug_loc     0x000049ee       0x14 c:/program files/microchip/xc32/v4.30/bin/bin/../../lib/gcc/pic32c/8.3.1/../../../../pic32c/lib/thumb/v7e-m+fp/hard\libpic32c.a(pic32_data_init_copy.o)

.debug_aranges  0x00000000      0x8d8
 .debug_aranges
                0x00000000       0x58 build/sam_e51_cnano/debug/_ext/7187140/plib_clock.o
 .debug_aranges
                0x00000058       0xa0 build/sam_e51_cnano/debug/_ext/831021835/plib_dmac.o
 .debug_aranges
                0x000000f8       0x40 build/sam_e51_cnano/debug/_ext/1220119669/plib_eic.o
 .debug_aranges
                0x00000138       0x20 build/sam_e51_cnano/debug/_ext/9336626/plib_evsys.o
 .debug_aranges
                0x00000158       0x50 build/sam_e51_cnano/debug/_ext/830715028/plib_nvic.o
 .debug_aranges
                0x000001a8       0xc0 build/sam_e51_cnano/debug/_ext/226030394/plib_nvmctrl.o
 .debug_aranges
                0x00000268       0x70 build/sam_e51_cnano/debug/_ext/830661877/plib_port.o
 .debug_aranges
                0x000002d8       0xa0 build/sam_e51_cnano/debug/_ext/1220132503/plib_rtc_timer.o
 .debug_aranges
                0x00000378       0x70 build/sam_e51_cnano/debug/_ext/314480351/plib_sercom5_usart.o
 .debug_aranges
                0x000003e8       0x20 build/sam_e51_cnano/debug/_ext/570918426/initialization.o
 .debug_aranges
                0x00000408       0x20 build/sam_e51_cnano/debug/_ext/570918426/interrupts.o
 .debug_aranges
                0x00000428       0x48 build/sam_e51_cnano/debug/_ext/570918426/exceptions.o
 .debug_aranges
                0x00000470       0x40 build/sam_e51_cnano/debug/_ext/570918426/startup_xc32.o
 .debug_aranges
                0x000004b0       0x48 build/sam_e51_cnano/debug/_ext/1360937237/main.o
 .debug_aranges
                0x000004f8       0x20 build/sam_e51_cnano/debug/_ext/1360937237/asmMult.o
 .debug_aranges
                0x00000518       0x28 c:/program files/microchip/xc32/v4.30/bin/bin/../../lib/gcc/pic32c/8.3.1/../../../../pic32c/lib/thumb/v7e-m+fp/hard\libpic32c.a(data_init.o)
 .debug_aranges
                0x00000540       0x28 c:/program files/microchip/xc32/v4.30/bin/bin/../../lib/gcc/pic32c/8.3.1/../../../../pic32c/lib/thumb/v7e-m+fp/hard\libg-musl.a(__libc_start_main.o)
 .debug_aranges
                0x00000568       0x18 c:/program files/microchip/xc32/v4.30/bin/bin/../../lib/gcc/pic32c/8.3.1/../../../../pic32c/lib/thumb/v7e-m+fp/hard\libg-musl.a(libc.o)
 .debug_aranges
                0x00000580       0x28 c:/program files/microchip/xc32/v4.30/bin/bin/../../lib/gcc/pic32c/8.3.1/../../../../pic32c/lib/thumb/v7e-m+fp/hard\libg-musl.a(__sio_snprintf_cdnpsxX.o)
 .debug_aranges
                0x000005a8       0x20 c:/program files/microchip/xc32/v4.30/bin/bin/../../lib/gcc/pic32c/8.3.1/../../../../pic32c/lib/thumb/v7e-m+fp/hard\libg-musl.a(__fmt_d.o)
 .debug_aranges
                0x000005c8       0x20 c:/program files/microchip/xc32/v4.30/bin/bin/../../lib/gcc/pic32c/8.3.1/../../../../pic32c/lib/thumb/v7e-m+fp/hard\libg-musl.a(__fmt_s.o)
 .debug_aranges
                0x000005e8       0x20 c:/program files/microchip/xc32/v4.30/bin/bin/../../lib/gcc/pic32c/8.3.1/../../../../pic32c/lib/thumb/v7e-m+fp/hard\libg-musl.a(__fmt_x.o)
 .debug_aranges
                0x00000608       0x20 c:/program files/microchip/xc32/v4.30/bin/bin/../../lib/gcc/pic32c/8.3.1/../../../../pic32c/lib/thumb/v7e-m+fp/hard\libg-musl.a(__pop_int.o)
 .debug_aranges
                0x00000628       0x20 c:/program files/microchip/xc32/v4.30/bin/bin/../../lib/gcc/pic32c/8.3.1/../../../../pic32c/lib/thumb/v7e-m+fp/hard\libg-musl.a(__pop_ptr.o)
 .debug_aranges
                0x00000648       0x50 c:/program files/microchip/xc32/v4.30/bin/bin/../../lib/gcc/pic32c/8.3.1/../../../../pic32c/lib/thumb/v7e-m+fp/hard\libg-musl.a(__printf_core.o)
 .debug_aranges
                0x00000698       0x20 c:/program files/microchip/xc32/v4.30/bin/bin/../../lib/gcc/pic32c/8.3.1/../../../../pic32c/lib/thumb/v7e-m+fp/hard\libg-musl.a(atoi.o)
 .debug_aranges
                0x000006b8       0x20 c:/program files/microchip/xc32/v4.30/bin/bin/../../lib/gcc/pic32c/8.3.1/../../../../pic32c/lib/thumb/v7e-m+fp/hard\libg-musl.a(memcpy.o)
 .debug_aranges
                0x000006d8       0x20 c:/program files/microchip/xc32/v4.30/bin/bin/../../lib/gcc/pic32c/8.3.1/../../../../pic32c/lib/thumb/v7e-m+fp/hard\libg-musl.a(memset.o)
 .debug_aranges
                0x000006f8       0x20 c:/program files/microchip/xc32/v4.30/bin/bin/../../lib/gcc/pic32c/8.3.1/../../../../pic32c/lib/thumb/v7e-m+fp/hard\libg-musl.a(strlen.o)
 .debug_aranges
                0x00000718       0x28 c:/program files/microchip/xc32/v4.30/bin/bin/../../lib/gcc/pic32c/8.3.1/../../../../pic32c/lib/thumb/v7e-m+fp/hard\libg-musl.a(tolower.o)
 .debug_aranges
                0x00000740       0x28 c:/program files/microchip/xc32/v4.30/bin/bin/../../lib/gcc/pic32c/8.3.1/../../../../pic32c/lib/thumb/v7e-m+fp/hard\libg-musl.a(toupper.o)
 .debug_aranges
                0x00000768       0x18 c:/program files/microchip/xc32/v4.30/bin/bin/../../lib/gcc/pic32c/8.3.1/../../../../pic32c/lib/thumb/v7e-m+fp/hard\libg-musl.a(__environ.o)
 .debug_aranges
                0x00000780       0x18 c:/program files/microchip/xc32/v4.30/bin/bin/../../lib/gcc/pic32c/8.3.1/../../../../pic32c/lib/thumb/v7e-m+fp/hard\libg-musl.a(__errno_location.o)
 .debug_aranges
                0x00000798       0x20 c:/program files/microchip/xc32/v4.30/bin/bin/../../lib/gcc/pic32c/8.3.1/../../../../pic32c/lib/thumb/v7e-m+fp/hard\libg-musl.a(__int_vsnprintf.o)
 .debug_aranges
                0x000007b8       0x20 c:/program files/microchip/xc32/v4.30/bin/bin/../../lib/gcc/pic32c/8.3.1/../../../../pic32c/lib/thumb/v7e-m+fp/hard\libg-musl.a(__cvt_u.o)
 .debug_aranges
                0x000007d8       0x20 c:/program files/microchip/xc32/v4.30/bin/bin/../../lib/gcc/pic32c/8.3.1/../../../../pic32c/lib/thumb/v7e-m+fp/hard\libg-musl.a(__pop_float.o)
 .debug_aranges
                0x000007f8       0x20 c:/program files/microchip/xc32/v4.30/bin/bin/../../lib/gcc/pic32c/8.3.1/../../../../pic32c/lib/thumb/v7e-m+fp/hard\libg-musl.a(__int_vfprintf.o)
 .debug_aranges
                0x00000818       0x20 c:/program files/microchip/xc32/v4.30/bin/bin/../../lib/gcc/pic32c/8.3.1/thumb/v7e-m+fp/hard\libgcc.a(_aeabi_uldivmod.o)
 .debug_aranges
                0x00000838       0x20 c:/program files/microchip/xc32/v4.30/bin/bin/../../lib/gcc/pic32c/8.3.1/thumb/v7e-m+fp/hard\libgcc.a(_udivmoddi4.o)
 .debug_aranges
                0x00000858       0x20 c:/program files/microchip/xc32/v4.30/bin/bin/../../lib/gcc/pic32c/8.3.1/thumb/v7e-m+fp/hard\libgcc.a(_dvmd_tls.o)
 .debug_aranges
                0x00000878       0x20 c:/program files/microchip/xc32/v4.30/bin/bin/../../lib/gcc/pic32c/8.3.1/../../../../pic32c/lib/thumb/v7e-m+fp/hard\libpic32c.a(pic32_data_init_clear.o)
 .debug_aranges
                0x00000898       0x20 c:/program files/microchip/xc32/v4.30/bin/bin/../../lib/gcc/pic32c/8.3.1/../../../../pic32c/lib/thumb/v7e-m+fp/hard\libpic32c.a(pic32_data_init_copy_emb.o)
 .debug_aranges
                0x000008b8       0x20 c:/program files/microchip/xc32/v4.30/bin/bin/../../lib/gcc/pic32c/8.3.1/../../../../pic32c/lib/thumb/v7e-m+fp/hard\libpic32c.a(pic32_data_init_copy.o)

.debug_ranges   0x00000000      0x6c0
 .debug_ranges  0x00000000       0x48 build/sam_e51_cnano/debug/_ext/7187140/plib_clock.o
 .debug_ranges  0x00000048       0x90 build/sam_e51_cnano/debug/_ext/831021835/plib_dmac.o
 .debug_ranges  0x000000d8       0x30 build/sam_e51_cnano/debug/_ext/1220119669/plib_eic.o
 .debug_ranges  0x00000108       0x10 build/sam_e51_cnano/debug/_ext/9336626/plib_evsys.o
 .debug_ranges  0x00000118       0x40 build/sam_e51_cnano/debug/_ext/830715028/plib_nvic.o
 .debug_ranges  0x00000158       0xb0 build/sam_e51_cnano/debug/_ext/226030394/plib_nvmctrl.o
 .debug_ranges  0x00000208       0x60 build/sam_e51_cnano/debug/_ext/830661877/plib_port.o
 .debug_ranges  0x00000268       0x90 build/sam_e51_cnano/debug/_ext/1220132503/plib_rtc_timer.o
 .debug_ranges  0x000002f8       0x60 build/sam_e51_cnano/debug/_ext/314480351/plib_sercom5_usart.o
 .debug_ranges  0x00000358       0x10 build/sam_e51_cnano/debug/_ext/570918426/initialization.o
 .debug_ranges  0x00000368       0x10 build/sam_e51_cnano/debug/_ext/570918426/interrupts.o
 .debug_ranges  0x00000378       0x38 build/sam_e51_cnano/debug/_ext/570918426/exceptions.o
 .debug_ranges  0x000003b0       0x30 build/sam_e51_cnano/debug/_ext/570918426/startup_xc32.o
 .debug_ranges  0x000003e0       0x38 build/sam_e51_cnano/debug/_ext/1360937237/main.o
 .debug_ranges  0x00000418       0x18 c:/program files/microchip/xc32/v4.30/bin/bin/../../lib/gcc/pic32c/8.3.1/../../../../pic32c/lib/thumb/v7e-m+fp/hard\libpic32c.a(data_init.o)
 .debug_ranges  0x00000430       0x40 c:/program files/microchip/xc32/v4.30/bin/bin/../../lib/gcc/pic32c/8.3.1/../../../../pic32c/lib/thumb/v7e-m+fp/hard\libg-musl.a(__libc_start_main.o)
 .debug_ranges  0x00000470       0x18 c:/program files/microchip/xc32/v4.30/bin/bin/../../lib/gcc/pic32c/8.3.1/../../../../pic32c/lib/thumb/v7e-m+fp/hard\libg-musl.a(__sio_snprintf_cdnpsxX.o)
 .debug_ranges  0x00000488       0x10 c:/program files/microchip/xc32/v4.30/bin/bin/../../lib/gcc/pic32c/8.3.1/../../../../pic32c/lib/thumb/v7e-m+fp/hard\libg-musl.a(__fmt_d.o)
 .debug_ranges  0x00000498       0x10 c:/program files/microchip/xc32/v4.30/bin/bin/../../lib/gcc/pic32c/8.3.1/../../../../pic32c/lib/thumb/v7e-m+fp/hard\libg-musl.a(__fmt_s.o)
 .debug_ranges  0x000004a8       0x10 c:/program files/microchip/xc32/v4.30/bin/bin/../../lib/gcc/pic32c/8.3.1/../../../../pic32c/lib/thumb/v7e-m+fp/hard\libg-musl.a(__fmt_x.o)
 .debug_ranges  0x000004b8       0x10 c:/program files/microchip/xc32/v4.30/bin/bin/../../lib/gcc/pic32c/8.3.1/../../../../pic32c/lib/thumb/v7e-m+fp/hard\libg-musl.a(__pop_int.o)
 .debug_ranges  0x000004c8       0x10 c:/program files/microchip/xc32/v4.30/bin/bin/../../lib/gcc/pic32c/8.3.1/../../../../pic32c/lib/thumb/v7e-m+fp/hard\libg-musl.a(__pop_ptr.o)
 .debug_ranges  0x000004d8       0x58 c:/program files/microchip/xc32/v4.30/bin/bin/../../lib/gcc/pic32c/8.3.1/../../../../pic32c/lib/thumb/v7e-m+fp/hard\libg-musl.a(__printf_core.o)
 .debug_ranges  0x00000530       0x10 c:/program files/microchip/xc32/v4.30/bin/bin/../../lib/gcc/pic32c/8.3.1/../../../../pic32c/lib/thumb/v7e-m+fp/hard\libg-musl.a(atoi.o)
 .debug_ranges  0x00000540       0x10 c:/program files/microchip/xc32/v4.30/bin/bin/../../lib/gcc/pic32c/8.3.1/../../../../pic32c/lib/thumb/v7e-m+fp/hard\libg-musl.a(memcpy.o)
 .debug_ranges  0x00000550       0x10 c:/program files/microchip/xc32/v4.30/bin/bin/../../lib/gcc/pic32c/8.3.1/../../../../pic32c/lib/thumb/v7e-m+fp/hard\libg-musl.a(memset.o)
 .debug_ranges  0x00000560       0x10 c:/program files/microchip/xc32/v4.30/bin/bin/../../lib/gcc/pic32c/8.3.1/../../../../pic32c/lib/thumb/v7e-m+fp/hard\libg-musl.a(strlen.o)
 .debug_ranges  0x00000570       0x18 c:/program files/microchip/xc32/v4.30/bin/bin/../../lib/gcc/pic32c/8.3.1/../../../../pic32c/lib/thumb/v7e-m+fp/hard\libg-musl.a(tolower.o)
 .debug_ranges  0x00000588       0x18 c:/program files/microchip/xc32/v4.30/bin/bin/../../lib/gcc/pic32c/8.3.1/../../../../pic32c/lib/thumb/v7e-m+fp/hard\libg-musl.a(toupper.o)
 .debug_ranges  0x000005a0       0x10 c:/program files/microchip/xc32/v4.30/bin/bin/../../lib/gcc/pic32c/8.3.1/../../../../pic32c/lib/thumb/v7e-m+fp/hard\libg-musl.a(__int_vsnprintf.o)
 .debug_ranges  0x000005b0       0x10 c:/program files/microchip/xc32/v4.30/bin/bin/../../lib/gcc/pic32c/8.3.1/../../../../pic32c/lib/thumb/v7e-m+fp/hard\libg-musl.a(__cvt_u.o)
 .debug_ranges  0x000005c0       0x10 c:/program files/microchip/xc32/v4.30/bin/bin/../../lib/gcc/pic32c/8.3.1/../../../../pic32c/lib/thumb/v7e-m+fp/hard\libg-musl.a(__pop_float.o)
 .debug_ranges  0x000005d0       0x10 c:/program files/microchip/xc32/v4.30/bin/bin/../../lib/gcc/pic32c/8.3.1/../../../../pic32c/lib/thumb/v7e-m+fp/hard\libg-musl.a(__int_vfprintf.o)
 .debug_ranges  0x000005e0       0xb0 c:/program files/microchip/xc32/v4.30/bin/bin/../../lib/gcc/pic32c/8.3.1/thumb/v7e-m+fp/hard\libgcc.a(_udivmoddi4.o)
 .debug_ranges  0x00000690       0x10 c:/program files/microchip/xc32/v4.30/bin/bin/../../lib/gcc/pic32c/8.3.1/../../../../pic32c/lib/thumb/v7e-m+fp/hard\libpic32c.a(pic32_data_init_clear.o)
 .debug_ranges  0x000006a0       0x10 c:/program files/microchip/xc32/v4.30/bin/bin/../../lib/gcc/pic32c/8.3.1/../../../../pic32c/lib/thumb/v7e-m+fp/hard\libpic32c.a(pic32_data_init_copy_emb.o)
 .debug_ranges  0x000006b0       0x10 c:/program files/microchip/xc32/v4.30/bin/bin/../../lib/gcc/pic32c/8.3.1/../../../../pic32c/lib/thumb/v7e-m+fp/hard\libpic32c.a(pic32_data_init_copy.o)

.debug_line     0x00000000     0x4f36
 .debug_line    0x00000000      0x286 build/sam_e51_cnano/debug/_ext/7187140/plib_clock.o
 .debug_line    0x00000286      0x516 build/sam_e51_cnano/debug/_ext/831021835/plib_dmac.o
 .debug_line    0x0000079c      0x1de build/sam_e51_cnano/debug/_ext/1220119669/plib_eic.o
 .debug_line    0x0000097a       0x6c build/sam_e51_cnano/debug/_ext/9336626/plib_evsys.o
 .debug_line    0x000009e6      0x289 build/sam_e51_cnano/debug/_ext/830715028/plib_nvic.o
 .debug_line    0x00000c6f      0x436 build/sam_e51_cnano/debug/_ext/226030394/plib_nvmctrl.o
 .debug_line    0x000010a5      0x281 build/sam_e51_cnano/debug/_ext/830661877/plib_port.o
 .debug_line    0x00001326      0x367 build/sam_e51_cnano/debug/_ext/1220132503/plib_rtc_timer.o
 .debug_line    0x0000168d      0x432 build/sam_e51_cnano/debug/_ext/314480351/plib_sercom5_usart.o
 .debug_line    0x00001abf       0x6d build/sam_e51_cnano/debug/_ext/570918426/initialization.o
 .debug_line    0x00001b2c       0xbf build/sam_e51_cnano/debug/_ext/570918426/interrupts.o
 .debug_line    0x00001beb       0xd8 build/sam_e51_cnano/debug/_ext/570918426/exceptions.o
 .debug_line    0x00001cc3      0x1ee build/sam_e51_cnano/debug/_ext/570918426/startup_xc32.o
 .debug_line    0x00001eb1      0x2f2 build/sam_e51_cnano/debug/_ext/1360937237/main.o
 .debug_line    0x000021a3       0xcf build/sam_e51_cnano/debug/_ext/1360937237/asmMult.o
 .debug_line    0x00002272       0xe9 c:/program files/microchip/xc32/v4.30/bin/bin/../../lib/gcc/pic32c/8.3.1/../../../../pic32c/lib/thumb/v7e-m+fp/hard\libpic32c.a(data_init.o)
 .debug_line    0x0000235b      0x1d5 c:/program files/microchip/xc32/v4.30/bin/bin/../../lib/gcc/pic32c/8.3.1/../../../../pic32c/lib/thumb/v7e-m+fp/hard\libg-musl.a(__libc_start_main.o)
 .debug_line    0x00002530       0xbc c:/program files/microchip/xc32/v4.30/bin/bin/../../lib/gcc/pic32c/8.3.1/../../../../pic32c/lib/thumb/v7e-m+fp/hard\libg-musl.a(libc.o)
 .debug_line    0x000025ec      0x1b2 c:/program files/microchip/xc32/v4.30/bin/bin/../../lib/gcc/pic32c/8.3.1/../../../../pic32c/lib/thumb/v7e-m+fp/hard\libg-musl.a(__sio_snprintf_cdnpsxX.o)
 .debug_line    0x0000279e      0x20d c:/program files/microchip/xc32/v4.30/bin/bin/../../lib/gcc/pic32c/8.3.1/../../../../pic32c/lib/thumb/v7e-m+fp/hard\libg-musl.a(__fmt_d.o)
 .debug_line    0x000029ab      0x200 c:/program files/microchip/xc32/v4.30/bin/bin/../../lib/gcc/pic32c/8.3.1/../../../../pic32c/lib/thumb/v7e-m+fp/hard\libg-musl.a(__fmt_s.o)
 .debug_line    0x00002bab      0x2df c:/program files/microchip/xc32/v4.30/bin/bin/../../lib/gcc/pic32c/8.3.1/../../../../pic32c/lib/thumb/v7e-m+fp/hard\libg-musl.a(__fmt_x.o)
 .debug_line    0x00002e8a      0x20e c:/program files/microchip/xc32/v4.30/bin/bin/../../lib/gcc/pic32c/8.3.1/../../../../pic32c/lib/thumb/v7e-m+fp/hard\libg-musl.a(__pop_int.o)
 .debug_line    0x00003098      0x1ee c:/program files/microchip/xc32/v4.30/bin/bin/../../lib/gcc/pic32c/8.3.1/../../../../pic32c/lib/thumb/v7e-m+fp/hard\libg-musl.a(__pop_ptr.o)
 .debug_line    0x00003286      0x6a3 c:/program files/microchip/xc32/v4.30/bin/bin/../../lib/gcc/pic32c/8.3.1/../../../../pic32c/lib/thumb/v7e-m+fp/hard\libg-musl.a(__printf_core.o)
 .debug_line    0x00003929      0x175 c:/program files/microchip/xc32/v4.30/bin/bin/../../lib/gcc/pic32c/8.3.1/../../../../pic32c/lib/thumb/v7e-m+fp/hard\libg-musl.a(atoi.o)
 .debug_line    0x00003a9e       0xf2 c:/program files/microchip/xc32/v4.30/bin/bin/../../lib/gcc/pic32c/8.3.1/../../../../pic32c/lib/thumb/v7e-m+fp/hard\libg-musl.a(memcpy.o)
 .debug_line    0x00003b90       0xe9 c:/program files/microchip/xc32/v4.30/bin/bin/../../lib/gcc/pic32c/8.3.1/../../../../pic32c/lib/thumb/v7e-m+fp/hard\libg-musl.a(memset.o)
 .debug_line    0x00003c79       0xe5 c:/program files/microchip/xc32/v4.30/bin/bin/../../lib/gcc/pic32c/8.3.1/../../../../pic32c/lib/thumb/v7e-m+fp/hard\libg-musl.a(strlen.o)
 .debug_line    0x00003d5e      0x165 c:/program files/microchip/xc32/v4.30/bin/bin/../../lib/gcc/pic32c/8.3.1/../../../../pic32c/lib/thumb/v7e-m+fp/hard\libg-musl.a(tolower.o)
 .debug_line    0x00003ec3      0x165 c:/program files/microchip/xc32/v4.30/bin/bin/../../lib/gcc/pic32c/8.3.1/../../../../pic32c/lib/thumb/v7e-m+fp/hard\libg-musl.a(toupper.o)
 .debug_line    0x00004028      0x109 c:/program files/microchip/xc32/v4.30/bin/bin/../../lib/gcc/pic32c/8.3.1/../../../../pic32c/lib/thumb/v7e-m+fp/hard\libg-musl.a(__environ.o)
 .debug_line    0x00004131       0xa1 c:/program files/microchip/xc32/v4.30/bin/bin/../../lib/gcc/pic32c/8.3.1/../../../../pic32c/lib/thumb/v7e-m+fp/hard\libg-musl.a(__errno_location.o)
 .debug_line    0x000041d2      0x1c9 c:/program files/microchip/xc32/v4.30/bin/bin/../../lib/gcc/pic32c/8.3.1/../../../../pic32c/lib/thumb/v7e-m+fp/hard\libg-musl.a(__int_vsnprintf.o)
 .debug_line    0x0000439b      0x1d9 c:/program files/microchip/xc32/v4.30/bin/bin/../../lib/gcc/pic32c/8.3.1/../../../../pic32c/lib/thumb/v7e-m+fp/hard\libg-musl.a(__cvt_u.o)
 .debug_line    0x00004574      0x173 c:/program files/microchip/xc32/v4.30/bin/bin/../../lib/gcc/pic32c/8.3.1/../../../../pic32c/lib/thumb/v7e-m+fp/hard\libg-musl.a(__pop_float.o)
 .debug_line    0x000046e7      0x176 c:/program files/microchip/xc32/v4.30/bin/bin/../../lib/gcc/pic32c/8.3.1/../../../../pic32c/lib/thumb/v7e-m+fp/hard\libg-musl.a(__int_vfprintf.o)
 .debug_line    0x0000485d       0x98 c:/program files/microchip/xc32/v4.30/bin/bin/../../lib/gcc/pic32c/8.3.1/thumb/v7e-m+fp/hard\libgcc.a(_aeabi_uldivmod.o)
 .debug_line    0x000048f5      0x367 c:/program files/microchip/xc32/v4.30/bin/bin/../../lib/gcc/pic32c/8.3.1/thumb/v7e-m+fp/hard\libgcc.a(_udivmoddi4.o)
 .debug_line    0x00004c5c       0x98 c:/program files/microchip/xc32/v4.30/bin/bin/../../lib/gcc/pic32c/8.3.1/thumb/v7e-m+fp/hard\libgcc.a(_dvmd_tls.o)
 .debug_line    0x00004cf4       0xb6 c:/program files/microchip/xc32/v4.30/bin/bin/../../lib/gcc/pic32c/8.3.1/../../../../pic32c/lib/thumb/v7e-m+fp/hard\libpic32c.a(pic32_data_init_clear.o)
 .debug_line    0x00004daa       0xce c:/program files/microchip/xc32/v4.30/bin/bin/../../lib/gcc/pic32c/8.3.1/../../../../pic32c/lib/thumb/v7e-m+fp/hard\libpic32c.a(pic32_data_init_copy_emb.o)
 .debug_line    0x00004e78       0xbe c:/program files/microchip/xc32/v4.30/bin/bin/../../lib/gcc/pic32c/8.3.1/../../../../pic32c/lib/thumb/v7e-m+fp/hard\libpic32c.a(pic32_data_init_copy.o)

.debug_str      0x00000000      0x72b
 .debug_str     0x00000000       0x1e build/sam_e51_cnano/debug/_ext/7187140/plib_clock.o
 .debug_str     0x0000001e       0x4c build/sam_e51_cnano/debug/_ext/831021835/plib_dmac.o
 .debug_str     0x0000006a        0x9 build/sam_e51_cnano/debug/_ext/1220119669/plib_eic.o
 .debug_str     0x00000073        0x0 build/sam_e51_cnano/debug/_ext/9336626/plib_evsys.o
 .debug_str     0x00000073        0xa build/sam_e51_cnano/debug/_ext/830715028/plib_nvic.o
 .debug_str     0x0000007d       0x1b build/sam_e51_cnano/debug/_ext/226030394/plib_nvmctrl.o
 .debug_str     0x00000098        0xb build/sam_e51_cnano/debug/_ext/830661877/plib_port.o
 .debug_str     0x000000a3      0x115 build/sam_e51_cnano/debug/_ext/1220132503/plib_rtc_timer.o
 .debug_str     0x000001b8      0x123 build/sam_e51_cnano/debug/_ext/314480351/plib_sercom5_usart.o
 .debug_str     0x000002db        0x0 build/sam_e51_cnano/debug/_ext/570918426/initialization.o
 .debug_str     0x000002db        0x0 build/sam_e51_cnano/debug/_ext/570918426/interrupts.o
 .debug_str     0x000002db        0x0 build/sam_e51_cnano/debug/_ext/570918426/exceptions.o
 .debug_str     0x000002db        0x0 build/sam_e51_cnano/debug/_ext/570918426/startup_xc32.o
 .debug_str     0x000002db      0x135 build/sam_e51_cnano/debug/_ext/1360937237/main.o
 .debug_str     0x00000410       0xb1 build/sam_e51_cnano/debug/_ext/1360937237/asmMult.o
 .debug_str     0x000004c1        0x0 c:/program files/microchip/xc32/v4.30/bin/bin/../../lib/gcc/pic32c/8.3.1/../../../../pic32c/lib/thumb/v7e-m+fp/hard\libpic32c.a(data_init.o)
 .debug_str     0x000004c1        0x0 c:/program files/microchip/xc32/v4.30/bin/bin/../../lib/gcc/pic32c/8.3.1/../../../../pic32c/lib/thumb/v7e-m+fp/hard\libg-musl.a(__libc_start_main.o)
 .debug_str     0x000004c1        0x0 c:/program files/microchip/xc32/v4.30/bin/bin/../../lib/gcc/pic32c/8.3.1/../../../../pic32c/lib/thumb/v7e-m+fp/hard\libg-musl.a(libc.o)
 .debug_str     0x000004c1       0x5b c:/program files/microchip/xc32/v4.30/bin/bin/../../lib/gcc/pic32c/8.3.1/../../../../pic32c/lib/thumb/v7e-m+fp/hard\libg-musl.a(__sio_snprintf_cdnpsxX.o)
 .debug_str     0x0000051c        0x0 c:/program files/microchip/xc32/v4.30/bin/bin/../../lib/gcc/pic32c/8.3.1/../../../../pic32c/lib/thumb/v7e-m+fp/hard\libg-musl.a(__fmt_d.o)
 .debug_str     0x0000051c        0x0 c:/program files/microchip/xc32/v4.30/bin/bin/../../lib/gcc/pic32c/8.3.1/../../../../pic32c/lib/thumb/v7e-m+fp/hard\libg-musl.a(__fmt_s.o)
 .debug_str     0x0000051c        0x0 c:/program files/microchip/xc32/v4.30/bin/bin/../../lib/gcc/pic32c/8.3.1/../../../../pic32c/lib/thumb/v7e-m+fp/hard\libg-musl.a(__fmt_x.o)
 .debug_str     0x0000051c        0x0 c:/program files/microchip/xc32/v4.30/bin/bin/../../lib/gcc/pic32c/8.3.1/../../../../pic32c/lib/thumb/v7e-m+fp/hard\libg-musl.a(__pop_int.o)
 .debug_str     0x0000051c        0x0 c:/program files/microchip/xc32/v4.30/bin/bin/../../lib/gcc/pic32c/8.3.1/../../../../pic32c/lib/thumb/v7e-m+fp/hard\libg-musl.a(__pop_ptr.o)
 .debug_str     0x0000051c       0x20 c:/program files/microchip/xc32/v4.30/bin/bin/../../lib/gcc/pic32c/8.3.1/../../../../pic32c/lib/thumb/v7e-m+fp/hard\libg-musl.a(__printf_core.o)
 .debug_str     0x0000053c        0x0 c:/program files/microchip/xc32/v4.30/bin/bin/../../lib/gcc/pic32c/8.3.1/../../../../pic32c/lib/thumb/v7e-m+fp/hard\libg-musl.a(atoi.o)
 .debug_str     0x0000053c        0x0 c:/program files/microchip/xc32/v4.30/bin/bin/../../lib/gcc/pic32c/8.3.1/../../../../pic32c/lib/thumb/v7e-m+fp/hard\libg-musl.a(memcpy.o)
 .debug_str     0x0000053c        0x0 c:/program files/microchip/xc32/v4.30/bin/bin/../../lib/gcc/pic32c/8.3.1/../../../../pic32c/lib/thumb/v7e-m+fp/hard\libg-musl.a(memset.o)
 .debug_str     0x0000053c        0x0 c:/program files/microchip/xc32/v4.30/bin/bin/../../lib/gcc/pic32c/8.3.1/../../../../pic32c/lib/thumb/v7e-m+fp/hard\libg-musl.a(strlen.o)
 .debug_str     0x0000053c        0x0 c:/program files/microchip/xc32/v4.30/bin/bin/../../lib/gcc/pic32c/8.3.1/../../../../pic32c/lib/thumb/v7e-m+fp/hard\libg-musl.a(tolower.o)
 .debug_str     0x0000053c        0x0 c:/program files/microchip/xc32/v4.30/bin/bin/../../lib/gcc/pic32c/8.3.1/../../../../pic32c/lib/thumb/v7e-m+fp/hard\libg-musl.a(toupper.o)
 .debug_str     0x0000053c        0x0 c:/program files/microchip/xc32/v4.30/bin/bin/../../lib/gcc/pic32c/8.3.1/../../../../pic32c/lib/thumb/v7e-m+fp/hard\libg-musl.a(__environ.o)
 .debug_str     0x0000053c        0x0 c:/program files/microchip/xc32/v4.30/bin/bin/../../lib/gcc/pic32c/8.3.1/../../../../pic32c/lib/thumb/v7e-m+fp/hard\libg-musl.a(__errno_location.o)
 .debug_str     0x0000053c        0xb c:/program files/microchip/xc32/v4.30/bin/bin/../../lib/gcc/pic32c/8.3.1/../../../../pic32c/lib/thumb/v7e-m+fp/hard\libg-musl.a(__int_vsnprintf.o)
 .debug_str     0x00000547        0x0 c:/program files/microchip/xc32/v4.30/bin/bin/../../lib/gcc/pic32c/8.3.1/../../../../pic32c/lib/thumb/v7e-m+fp/hard\libg-musl.a(__cvt_u.o)
 .debug_str     0x00000547        0x0 c:/program files/microchip/xc32/v4.30/bin/bin/../../lib/gcc/pic32c/8.3.1/../../../../pic32c/lib/thumb/v7e-m+fp/hard\libg-musl.a(__pop_float.o)
 .debug_str     0x00000547        0xe c:/program files/microchip/xc32/v4.30/bin/bin/../../lib/gcc/pic32c/8.3.1/../../../../pic32c/lib/thumb/v7e-m+fp/hard\libg-musl.a(__int_vfprintf.o)
 .debug_str     0x00000555       0xe9 c:/program files/microchip/xc32/v4.30/bin/bin/../../lib/gcc/pic32c/8.3.1/thumb/v7e-m+fp/hard\libgcc.a(_aeabi_uldivmod.o)
 .debug_str     0x0000063e        0x0 c:/program files/microchip/xc32/v4.30/bin/bin/../../lib/gcc/pic32c/8.3.1/thumb/v7e-m+fp/hard\libgcc.a(_udivmoddi4.o)
 .debug_str     0x0000063e       0xed c:/program files/microchip/xc32/v4.30/bin/bin/../../lib/gcc/pic32c/8.3.1/thumb/v7e-m+fp/hard\libgcc.a(_dvmd_tls.o)
 .debug_str     0x0000072b        0x0 c:/program files/microchip/xc32/v4.30/bin/bin/../../lib/gcc/pic32c/8.3.1/../../../../pic32c/lib/thumb/v7e-m+fp/hard\libpic32c.a(pic32_data_init_clear.o)
 .debug_str     0x0000072b        0x0 c:/program files/microchip/xc32/v4.30/bin/bin/../../lib/gcc/pic32c/8.3.1/../../../../pic32c/lib/thumb/v7e-m+fp/hard\libpic32c.a(pic32_data_init_copy_emb.o)
 .debug_str     0x0000072b        0x0 c:/program files/microchip/xc32/v4.30/bin/bin/../../lib/gcc/pic32c/8.3.1/../../../../pic32c/lib/thumb/v7e-m+fp/hard\libpic32c.a(pic32_data_init_copy.o)

.debug_frame    0x00000000     0x1630
 .debug_frame   0x00000000      0x10c build/sam_e51_cnano/debug/_ext/7187140/plib_clock.o
 .debug_frame   0x0000010c      0x290 build/sam_e51_cnano/debug/_ext/831021835/plib_dmac.o
 .debug_frame   0x0000039c       0xc4 build/sam_e51_cnano/debug/_ext/1220119669/plib_eic.o
 .debug_frame   0x00000460       0x30 build/sam_e51_cnano/debug/_ext/9336626/plib_evsys.o
 .debug_frame   0x00000490      0x114 build/sam_e51_cnano/debug/_ext/830715028/plib_nvic.o
 .debug_frame   0x000005a4      0x2fc build/sam_e51_cnano/debug/_ext/226030394/plib_nvmctrl.o
 .debug_frame   0x000008a0      0x1c0 build/sam_e51_cnano/debug/_ext/830661877/plib_port.o
 .debug_frame   0x00000a60      0x26c build/sam_e51_cnano/debug/_ext/1220132503/plib_rtc_timer.o
 .debug_frame   0x00000ccc      0x1a8 build/sam_e51_cnano/debug/_ext/314480351/plib_sercom5_usart.o
 .debug_frame   0x00000e74       0x34 build/sam_e51_cnano/debug/_ext/570918426/initialization.o
 .debug_frame   0x00000ea8       0x20 build/sam_e51_cnano/debug/_ext/570918426/interrupts.o
 .debug_frame   0x00000ec8       0xa0 build/sam_e51_cnano/debug/_ext/570918426/exceptions.o
 .debug_frame   0x00000f68       0xa8 build/sam_e51_cnano/debug/_ext/570918426/startup_xc32.o
 .debug_frame   0x00001010      0x104 build/sam_e51_cnano/debug/_ext/1360937237/main.o
 .debug_frame   0x00001114       0x3c c:/program files/microchip/xc32/v4.30/bin/bin/../../lib/gcc/pic32c/8.3.1/../../../../pic32c/lib/thumb/v7e-m+fp/hard\libpic32c.a(data_init.o)
 .debug_frame   0x00001150       0x3c c:/program files/microchip/xc32/v4.30/bin/bin/../../lib/gcc/pic32c/8.3.1/../../../../pic32c/lib/thumb/v7e-m+fp/hard\libg-musl.a(__libc_start_main.o)
 .debug_frame   0x0000118c       0x54 c:/program files/microchip/xc32/v4.30/bin/bin/../../lib/gcc/pic32c/8.3.1/../../../../pic32c/lib/thumb/v7e-m+fp/hard\libg-musl.a(__sio_snprintf_cdnpsxX.o)
 .debug_frame   0x000011e0       0x3c c:/program files/microchip/xc32/v4.30/bin/bin/../../lib/gcc/pic32c/8.3.1/../../../../pic32c/lib/thumb/v7e-m+fp/hard\libg-musl.a(__fmt_d.o)
 .debug_frame   0x0000121c       0x34 c:/program files/microchip/xc32/v4.30/bin/bin/../../lib/gcc/pic32c/8.3.1/../../../../pic32c/lib/thumb/v7e-m+fp/hard\libg-musl.a(__fmt_s.o)
 .debug_frame   0x00001250       0x40 c:/program files/microchip/xc32/v4.30/bin/bin/../../lib/gcc/pic32c/8.3.1/../../../../pic32c/lib/thumb/v7e-m+fp/hard\libg-musl.a(__fmt_x.o)
 .debug_frame   0x00001290       0x28 c:/program files/microchip/xc32/v4.30/bin/bin/../../lib/gcc/pic32c/8.3.1/../../../../pic32c/lib/thumb/v7e-m+fp/hard\libg-musl.a(__pop_int.o)
 .debug_frame   0x000012b8       0x28 c:/program files/microchip/xc32/v4.30/bin/bin/../../lib/gcc/pic32c/8.3.1/../../../../pic32c/lib/thumb/v7e-m+fp/hard\libg-musl.a(__pop_ptr.o)
 .debug_frame   0x000012e0       0xd0 c:/program files/microchip/xc32/v4.30/bin/bin/../../lib/gcc/pic32c/8.3.1/../../../../pic32c/lib/thumb/v7e-m+fp/hard\libg-musl.a(__printf_core.o)
 .debug_frame   0x000013b0       0x28 c:/program files/microchip/xc32/v4.30/bin/bin/../../lib/gcc/pic32c/8.3.1/../../../../pic32c/lib/thumb/v7e-m+fp/hard\libg-musl.a(atoi.o)
 .debug_frame   0x000013d8       0x28 c:/program files/microchip/xc32/v4.30/bin/bin/../../lib/gcc/pic32c/8.3.1/../../../../pic32c/lib/thumb/v7e-m+fp/hard\libg-musl.a(memcpy.o)
 .debug_frame   0x00001400       0x20 c:/program files/microchip/xc32/v4.30/bin/bin/../../lib/gcc/pic32c/8.3.1/../../../../pic32c/lib/thumb/v7e-m+fp/hard\libg-musl.a(memset.o)
 .debug_frame   0x00001420       0x20 c:/program files/microchip/xc32/v4.30/bin/bin/../../lib/gcc/pic32c/8.3.1/../../../../pic32c/lib/thumb/v7e-m+fp/hard\libg-musl.a(strlen.o)
 .debug_frame   0x00001440       0x30 c:/program files/microchip/xc32/v4.30/bin/bin/../../lib/gcc/pic32c/8.3.1/../../../../pic32c/lib/thumb/v7e-m+fp/hard\libg-musl.a(tolower.o)
 .debug_frame   0x00001470       0x30 c:/program files/microchip/xc32/v4.30/bin/bin/../../lib/gcc/pic32c/8.3.1/../../../../pic32c/lib/thumb/v7e-m+fp/hard\libg-musl.a(toupper.o)
 .debug_frame   0x000014a0       0x34 c:/program files/microchip/xc32/v4.30/bin/bin/../../lib/gcc/pic32c/8.3.1/../../../../pic32c/lib/thumb/v7e-m+fp/hard\libg-musl.a(__int_vsnprintf.o)
 .debug_frame   0x000014d4       0x38 c:/program files/microchip/xc32/v4.30/bin/bin/../../lib/gcc/pic32c/8.3.1/../../../../pic32c/lib/thumb/v7e-m+fp/hard\libg-musl.a(__cvt_u.o)
 .debug_frame   0x0000150c       0x20 c:/program files/microchip/xc32/v4.30/bin/bin/../../lib/gcc/pic32c/8.3.1/../../../../pic32c/lib/thumb/v7e-m+fp/hard\libg-musl.a(__pop_float.o)
 .debug_frame   0x0000152c       0x2c c:/program files/microchip/xc32/v4.30/bin/bin/../../lib/gcc/pic32c/8.3.1/../../../../pic32c/lib/thumb/v7e-m+fp/hard\libg-musl.a(__int_vfprintf.o)
 .debug_frame   0x00001558       0x2c c:/program files/microchip/xc32/v4.30/bin/bin/../../lib/gcc/pic32c/8.3.1/thumb/v7e-m+fp/hard\libgcc.a(_aeabi_uldivmod.o)
 .debug_frame   0x00001584       0x38 c:/program files/microchip/xc32/v4.30/bin/bin/../../lib/gcc/pic32c/8.3.1/thumb/v7e-m+fp/hard\libgcc.a(_udivmoddi4.o)
 .debug_frame   0x000015bc       0x20 c:/program files/microchip/xc32/v4.30/bin/bin/../../lib/gcc/pic32c/8.3.1/../../../../pic32c/lib/thumb/v7e-m+fp/hard\libpic32c.a(pic32_data_init_clear.o)
 .debug_frame   0x000015dc       0x2c c:/program files/microchip/xc32/v4.30/bin/bin/../../lib/gcc/pic32c/8.3.1/../../../../pic32c/lib/thumb/v7e-m+fp/hard\libpic32c.a(pic32_data_init_copy_emb.o)
 .debug_frame   0x00001608       0x28 c:/program files/microchip/xc32/v4.30/bin/bin/../../lib/gcc/pic32c/8.3.1/../../../../pic32c/lib/thumb/v7e-m+fp/hard\libpic32c.a(pic32_data_init_copy.o)

.note.GNU-stack
                0x00000000        0x0
 .note.GNU-stack
                0x00000000        0x0 c:/program files/microchip/xc32/v4.30/bin/bin/../../lib/gcc/pic32c/8.3.1/../../../../pic32c/lib/thumb/v7e-m+fp/hard\libg-musl.a(__libc_start_main.o)
 .note.GNU-stack
                0x00000000        0x0 c:/program files/microchip/xc32/v4.30/bin/bin/../../lib/gcc/pic32c/8.3.1/../../../../pic32c/lib/thumb/v7e-m+fp/hard\libg-musl.a(libc.o)
 .note.GNU-stack
                0x00000000        0x0 c:/program files/microchip/xc32/v4.30/bin/bin/../../lib/gcc/pic32c/8.3.1/../../../../pic32c/lib/thumb/v7e-m+fp/hard\libg-musl.a(__sio_snprintf_cdnpsxX.o)
 .note.GNU-stack
                0x00000000        0x0 c:/program files/microchip/xc32/v4.30/bin/bin/../../lib/gcc/pic32c/8.3.1/../../../../pic32c/lib/thumb/v7e-m+fp/hard\libg-musl.a(__fmt_d.o)
 .note.GNU-stack
                0x00000000        0x0 c:/program files/microchip/xc32/v4.30/bin/bin/../../lib/gcc/pic32c/8.3.1/../../../../pic32c/lib/thumb/v7e-m+fp/hard\libg-musl.a(__fmt_s.o)
 .note.GNU-stack
                0x00000000        0x0 c:/program files/microchip/xc32/v4.30/bin/bin/../../lib/gcc/pic32c/8.3.1/../../../../pic32c/lib/thumb/v7e-m+fp/hard\libg-musl.a(__fmt_x.o)
 .note.GNU-stack
                0x00000000        0x0 c:/program files/microchip/xc32/v4.30/bin/bin/../../lib/gcc/pic32c/8.3.1/../../../../pic32c/lib/thumb/v7e-m+fp/hard\libg-musl.a(__pop_int.o)
 .note.GNU-stack
                0x00000000        0x0 c:/program files/microchip/xc32/v4.30/bin/bin/../../lib/gcc/pic32c/8.3.1/../../../../pic32c/lib/thumb/v7e-m+fp/hard\libg-musl.a(__pop_ptr.o)
 .note.GNU-stack
                0x00000000        0x0 c:/program files/microchip/xc32/v4.30/bin/bin/../../lib/gcc/pic32c/8.3.1/../../../../pic32c/lib/thumb/v7e-m+fp/hard\libg-musl.a(__printf_core.o)
 .note.GNU-stack
                0x00000000        0x0 c:/program files/microchip/xc32/v4.30/bin/bin/../../lib/gcc/pic32c/8.3.1/../../../../pic32c/lib/thumb/v7e-m+fp/hard\libg-musl.a(atoi.o)
 .note.GNU-stack
                0x00000000        0x0 c:/program files/microchip/xc32/v4.30/bin/bin/../../lib/gcc/pic32c/8.3.1/../../../../pic32c/lib/thumb/v7e-m+fp/hard\libg-musl.a(memcpy.o)
 .note.GNU-stack
                0x00000000        0x0 c:/program files/microchip/xc32/v4.30/bin/bin/../../lib/gcc/pic32c/8.3.1/../../../../pic32c/lib/thumb/v7e-m+fp/hard\libg-musl.a(memset.o)
 .note.GNU-stack
                0x00000000        0x0 c:/program files/microchip/xc32/v4.30/bin/bin/../../lib/gcc/pic32c/8.3.1/../../../../pic32c/lib/thumb/v7e-m+fp/hard\libg-musl.a(strlen.o)
 .note.GNU-stack
                0x00000000        0x0 c:/program files/microchip/xc32/v4.30/bin/bin/../../lib/gcc/pic32c/8.3.1/../../../../pic32c/lib/thumb/v7e-m+fp/hard\libg-musl.a(tolower.o)
 .note.GNU-stack
                0x00000000        0x0 c:/program files/microchip/xc32/v4.30/bin/bin/../../lib/gcc/pic32c/8.3.1/../../../../pic32c/lib/thumb/v7e-m+fp/hard\libg-musl.a(toupper.o)
 .note.GNU-stack
                0x00000000        0x0 c:/program files/microchip/xc32/v4.30/bin/bin/../../lib/gcc/pic32c/8.3.1/../../../../pic32c/lib/thumb/v7e-m+fp/hard\libg-musl.a(__environ.o)
 .note.GNU-stack
                0x00000000        0x0 c:/program files/microchip/xc32/v4.30/bin/bin/../../lib/gcc/pic32c/8.3.1/../../../../pic32c/lib/thumb/v7e-m+fp/hard\libg-musl.a(__errno_location.o)
 .note.GNU-stack
                0x00000000        0x0 c:/program files/microchip/xc32/v4.30/bin/bin/../../lib/gcc/pic32c/8.3.1/../../../../pic32c/lib/thumb/v7e-m+fp/hard\libg-musl.a(__int_vsnprintf.o)
 .note.GNU-stack
                0x00000000        0x0 c:/program files/microchip/xc32/v4.30/bin/bin/../../lib/gcc/pic32c/8.3.1/../../../../pic32c/lib/thumb/v7e-m+fp/hard\libg-musl.a(__cvt_u.o)
 .note.GNU-stack
                0x00000000        0x0 c:/program files/microchip/xc32/v4.30/bin/bin/../../lib/gcc/pic32c/8.3.1/../../../../pic32c/lib/thumb/v7e-m+fp/hard\libg-musl.a(__pop_float.o)
 .note.GNU-stack
                0x00000000        0x0 c:/program files/microchip/xc32/v4.30/bin/bin/../../lib/gcc/pic32c/8.3.1/../../../../pic32c/lib/thumb/v7e-m+fp/hard\libg-musl.a(__int_vfprintf.o)

.stack          0x200007f8      0x100
 .stack         0x200007f8      0x100 stack

.bss.uartTxBuffer%1
                0x20000010      0x3e8
 .bss.uartTxBuffer
                0x20000010      0x3e8 build/sam_e51_cnano/debug/_ext/1360937237/main.o

.bss.eicCallbackObject%2
                0x200003f8       0xc0
 .bss.eicCallbackObject
                0x200003f8       0xc0 build/sam_e51_cnano/debug/_ext/1220119669/plib_eic.o

.bss%3          0x200004b8       0x50
 .bss           0x200004b8       0x50 c:/program files/microchip/xc32/v4.30/bin/bin/../../lib/gcc/pic32c/8.3.1/../../../../pic32c/lib/thumb/v7e-m+fp/hard\libg-musl.a(libc.o)
                0x200004b8                __progname_full
                0x200004b8                program_invocation_name
                0x200004bc                program_invocation_short_name
                0x200004bc                __progname
                0x200004c0                __sysinfo
                0x200004c4                __hwcap
                0x200004c8                __libc

.bss%4          0x20000508       0x1c
 .bss           0x20000508       0x1c c:/program files/microchip/xc32/v4.30/bin/bin/../../lib/gcc/pic32c/8.3.1/thumb/v7e-m+fp/hard/crtbegin.o

.bss._write_back_section%5
                0x20000528       0x10
 .bss._write_back_section
                0x20000528       0x10 build/sam_e51_cnano/debug/_ext/831021835/plib_dmac.o

.bss.descriptor_section%6
                0x20000538       0x10
 .bss.descriptor_section
                0x20000538       0x10 build/sam_e51_cnano/debug/_ext/831021835/plib_dmac.o

.bss.rtcObj%7   0x20000548        0xc
 .bss.rtcObj    0x20000548        0xc build/sam_e51_cnano/debug/_ext/1220132503/plib_rtc_timer.o

.bss%8          0x20000524        0x4
 .bss           0x20000524        0x4 c:/program files/microchip/xc32/v4.30/bin/bin/../../lib/gcc/pic32c/8.3.1/../../../../pic32c/lib/thumb/v7e-m+fp/hard\libpic32c.a(data_init.o)

.bss%9          0x20000554        0x4
 .bss           0x20000554        0x4 c:/program files/microchip/xc32/v4.30/bin/bin/../../lib/gcc/pic32c/8.3.1/../../../../pic32c/lib/thumb/v7e-m+fp/hard\libg-musl.a(__environ.o)
                0x20000554                __environ
                0x20000554                environ
                0x20000554                ___environ
                0x20000554                _environ

.bss%10         0x20000558        0x4
 .bss           0x20000558        0x4 c:/program files/microchip/xc32/v4.30/bin/bin/../../lib/gcc/pic32c/8.3.1/../../../../pic32c/lib/thumb/v7e-m+fp/hard\libg-musl.a(__errno_location.o)
                0x20000558                __errno_val

.bss.isRTCExpired%11
                0x2000055c        0x1
 .bss.isRTCExpired
                0x2000055c        0x1 build/sam_e51_cnano/debug/_ext/1360937237/main.o

.data.tc%12     0x20000560       0x48
 .data.tc       0x20000560       0x48 build/sam_e51_cnano/debug/_ext/1360937237/main.o

.data%13        0x200005a8       0x28
 .data          0x200005a8       0x28 build/sam_e51_cnano/debug/_ext/1360937237/asmMult.o
                0x200005a8                a_Multiplicand
                0x200005ac                b_Multiplier
                0x200005b0                rng_Error
                0x200005b4                a_Sign
                0x200005b8                b_Sign
                0x200005bc                prod_Is_Neg
                0x200005c0                a_Abs
                0x200005c4                b_Abs
                0x200005c8                init_Product
                0x200005cc                final_Product

.data.pass%14   0x200005d0        0x4
 .data.pass     0x200005d0        0x4 build/sam_e51_cnano/debug/_ext/1360937237/main.o

.data.fail%15   0x200005d4        0x4
 .data.fail     0x200005d4        0x4 build/sam_e51_cnano/debug/_ext/1360937237/main.o

.data.isUSARTTxComplete%16
                0x2000055d        0x1
 .data.isUSARTTxComplete
                0x2000055d        0x1 build/sam_e51_cnano/debug/_ext/1360937237/main.o

.data.firstTime.9054%17
                0x2000055e        0x1
 .data.firstTime.9054
                0x2000055e        0x1 build/sam_e51_cnano/debug/_ext/1360937237/main.o

.eh_frame%z1    0x00000000        0x0
 .eh_frame      0x00000000        0x0 c:/program files/microchip/xc32/v4.30/bin/bin/../../lib/gcc/pic32c/8.3.1/thumb/v7e-m+fp/hard/crtbegin.o

.config_00804008.__config_00804008%18
                0x00804008        0x4
 .config_00804008.__config_00804008
                0x00804008        0x4 build/sam_e51_cnano/debug/_ext/570918426/initialization.o
                0x00804008                __config_00804008

.config_00804004.__config_00804004%19
                0x00804004        0x4
 .config_00804004.__config_00804004
                0x00804004        0x4 build/sam_e51_cnano/debug/_ext/570918426/initialization.o
                0x00804004                __config_00804004

.config_00804000.__config_00804000%20
                0x00804000        0x4
 .config_00804000.__config_00804000
                0x00804000        0x4 build/sam_e51_cnano/debug/_ext/570918426/initialization.o
                0x00804000                __config_00804000

.rodata%21      0x00000288      0x6c4
 .rodata        0x00000288      0x6c4 build/sam_e51_cnano/debug/_ext/1360937237/main.o

.text.testResult%22
                0x0000094c      0x3a4
 .text.testResult
                0x0000094c      0x3a4 build/sam_e51_cnano/debug/_ext/1360937237/main.o

.text.__printf_core%23
                0x00000cf0      0x308
 .text.__printf_core
                0x00000cf0      0x308 c:/program files/microchip/xc32/v4.30/bin/bin/../../lib/gcc/pic32c/8.3.1/../../../../pic32c/lib/thumb/v7e-m+fp/hard\libg-musl.a(__printf_core.o)
                0x00000cf0                __printf_core

.text%24        0x00000ff8      0x2bc
 .text          0x00000ff8      0x2bc c:/program files/microchip/xc32/v4.30/bin/bin/../../lib/gcc/pic32c/8.3.1/thumb/v7e-m+fp/hard\libgcc.a(_udivmoddi4.o)
                0x00000ff8                __udivmoddi4

.text.main%25   0x000012b4      0x1c8
 .text.main     0x000012b4      0x1c8 build/sam_e51_cnano/debug/_ext/1360937237/main.o
                0x000012b4                main

.dinit%26       0x0000147c      0x120
 .dinit         0x0000147c      0x120 data_init

.text%27        0x0000162c      0x160
 .text          0x0000162c      0x160 build/sam_e51_cnano/debug/_ext/1360937237/asmMult.o
                0x0000162c                asmMult

.text.DMAC_ChannelTransfer%28
                0x0000178c      0x158
 .text.DMAC_ChannelTransfer
                0x0000178c      0x158 build/sam_e51_cnano/debug/_ext/831021835/plib_dmac.o
                0x0000178c                DMAC_ChannelTransfer

.text.__fmt_x%29
                0x000018e4      0x124
 .text.__fmt_x  0x000018e4      0x124 c:/program files/microchip/xc32/v4.30/bin/bin/../../lib/gcc/pic32c/8.3.1/../../../../pic32c/lib/thumb/v7e-m+fp/hard\libg-musl.a(__fmt_x.o)
                0x000018e4                __fmt_x_needed
                0x000018e4                __fmt_x

.text.EIC_Initialize%30
                0x00001a08      0x104
 .text.EIC_Initialize
                0x00001a08      0x104 build/sam_e51_cnano/debug/_ext/1220119669/plib_eic.o
                0x00001a08                EIC_Initialize

.text.printGlobalAddresses%31
                0x00001b0c       0xc0
 .text.printGlobalAddresses
                0x00001b0c       0xc0 build/sam_e51_cnano/debug/_ext/1360937237/main.o

.text.__pop_int%32
                0x00001bcc       0xac
 .text.__pop_int
                0x00001bcc       0xac c:/program files/microchip/xc32/v4.30/bin/bin/../../lib/gcc/pic32c/8.3.1/../../../../pic32c/lib/thumb/v7e-m+fp/hard\libg-musl.a(__pop_int.o)
                0x00001bcc                __pop_int_needed
                0x00001bcc                __pop_int

.text.__fmt_d%33
                0x00001c78       0xa8
 .text.__fmt_d  0x00001c78       0xa8 c:/program files/microchip/xc32/v4.30/bin/bin/../../lib/gcc/pic32c/8.3.1/../../../../pic32c/lib/thumb/v7e-m+fp/hard\libg-musl.a(__fmt_d.o)
                0x00001c78                __fmt_d
                0x00001c78                __fmt_d_needed

.text.DMAC_Initialize%34
                0x00001d20       0xa0
 .text.DMAC_Initialize
                0x00001d20       0xa0 build/sam_e51_cnano/debug/_ext/831021835/plib_dmac.o
                0x00001d20                DMAC_Initialize

.text._DMAC_interruptHandler%35
                0x00001dc0       0x9c
 .text._DMAC_interruptHandler
                0x00001dc0       0x9c build/sam_e51_cnano/debug/_ext/831021835/plib_dmac.o
                0x00001dc0                _DMAC_interruptHandler

.text.__pad%36  0x00001e5c       0x80
 .text.__pad    0x00001e5c       0x80 c:/program files/microchip/xc32/v4.30/bin/bin/../../lib/gcc/pic32c/8.3.1/../../../../pic32c/lib/thumb/v7e-m+fp/hard\libg-musl.a(__printf_core.o)
                0x00001e5c                __pad

.text.__pop_ptr%37
                0x00001edc       0x7c
 .text.__pop_ptr
                0x00001edc       0x7c c:/program files/microchip/xc32/v4.30/bin/bin/../../lib/gcc/pic32c/8.3.1/../../../../pic32c/lib/thumb/v7e-m+fp/hard\libg-musl.a(__pop_ptr.o)
                0x00001edc                __pop_ptr
                0x00001edc                __pop_ptr_needed

.text.__cvt_u%38
                0x00001f58       0x78
 .text.__cvt_u  0x00001f58       0x78 c:/program files/microchip/xc32/v4.30/bin/bin/../../lib/gcc/pic32c/8.3.1/../../../../pic32c/lib/thumb/v7e-m+fp/hard\libg-musl.a(__cvt_u.o)
                0x00001f58                __cvt_u

.text.CLOCK_Initialize%39
                0x00001fd0       0x74
 .text.CLOCK_Initialize
                0x00001fd0       0x74 build/sam_e51_cnano/debug/_ext/7187140/plib_clock.o
                0x00001fd0                CLOCK_Initialize

.text.FDPLL0_Initialize%40
                0x00002044       0x6c
 .text.FDPLL0_Initialize
                0x00002044       0x6c build/sam_e51_cnano/debug/_ext/7187140/plib_clock.o

.text.RTC_Initialize%41
                0x000020b0       0x60
 .text.RTC_Initialize
                0x000020b0       0x60 build/sam_e51_cnano/debug/_ext/1220132503/plib_rtc_timer.o
                0x000020b0                RTC_Initialize

.text.__libc_start_init%42
                0x00002110       0x5c
 .text.__libc_start_init
                0x00002110       0x5c c:/program files/microchip/xc32/v4.30/bin/bin/../../lib/gcc/pic32c/8.3.1/../../../../pic32c/lib/thumb/v7e-m+fp/hard\libg-musl.a(__libc_start_main.o)
                0x00002110                __libc_init_array

.text.Reset_Handler%43
                0x0000216c       0x58
 .text.Reset_Handler
                0x0000216c       0x58 build/sam_e51_cnano/debug/_ext/570918426/startup_xc32.o
                0x0000216c                Reset_Handler

.text.__fmt_s%44
                0x000021c4       0x58
 .text.__fmt_s  0x000021c4       0x58 c:/program files/microchip/xc32/v4.30/bin/bin/../../lib/gcc/pic32c/8.3.1/../../../../pic32c/lib/thumb/v7e-m+fp/hard\libg-musl.a(__fmt_s.o)
                0x000021c4                __fmt_s
                0x000021c4                __fmt_0_needed
                0x000021c4                __fmt_s_needed

.text.__NVIC_SetPriority%45
                0x0000221c       0x54
 .text.__NVIC_SetPriority
                0x0000221c       0x54 build/sam_e51_cnano/debug/_ext/830715028/plib_nvic.o

.text.check%46  0x00002270       0x50
 .text.check    0x00002270       0x50 build/sam_e51_cnano/debug/_ext/1360937237/main.o

.text.__vsnprintf%47
                0x000022c0       0x50
 .text.__vsnprintf
                0x000022c0       0x50 c:/program files/microchip/xc32/v4.30/bin/bin/../../lib/gcc/pic32c/8.3.1/../../../../pic32c/lib/thumb/v7e-m+fp/hard\libg-musl.a(__int_vsnprintf.o)
                0x000022c0                __vsnprintf

.text.SERCOM5_USART_Initialize%48
                0x00002310       0x4c
 .text.SERCOM5_USART_Initialize
                0x00002310       0x4c build/sam_e51_cnano/debug/_ext/314480351/plib_sercom5_usart.o
                0x00002310                SERCOM5_USART_Initialize

.text.__pic32c_data_initialization%49
                0x0000235c       0x4c
 .text.__pic32c_data_initialization
                0x0000235c       0x4c c:/program files/microchip/xc32/v4.30/bin/bin/../../lib/gcc/pic32c/8.3.1/../../../../pic32c/lib/thumb/v7e-m+fp/hard\libpic32c.a(data_init.o)
                0x0000235c                __pic32c_data_initialization

.text.__NVIC_SetPriorityGrouping%50
                0x000023a8       0x48
 .text.__NVIC_SetPriorityGrouping
                0x000023a8       0x48 build/sam_e51_cnano/debug/_ext/830715028/plib_nvic.o

.text.atoi%51   0x000023f0       0x46
 .text.atoi     0x000023f0       0x46 c:/program files/microchip/xc32/v4.30/bin/bin/../../lib/gcc/pic32c/8.3.1/../../../../pic32c/lib/thumb/v7e-m+fp/hard\libg-musl.a(atoi.o)
                0x000023f0                atoi

.text.GCLK0_Initialize%52
                0x00002438       0x44
 .text.GCLK0_Initialize
                0x00002438       0x44 build/sam_e51_cnano/debug/_ext/7187140/plib_clock.o

.text.PORT_Initialize%53
                0x0000247c       0x44
 .text.PORT_Initialize
                0x0000247c       0x44 build/sam_e51_cnano/debug/_ext/830661877/plib_port.o
                0x0000247c                PORT_Initialize

.text.FPU_Enable%54
                0x000024c0       0x44
 .text.FPU_Enable
                0x000024c0       0x44 build/sam_e51_cnano/debug/_ext/570918426/startup_xc32.o

.text%55        0x00002504       0x40
 .text          0x00002504       0x40 c:/program files/microchip/xc32/v4.30/bin/bin/../../lib/gcc/pic32c/8.3.1/thumb/v7e-m+fp/hard/crtbegin.o

.text.ICache_Enable%56
                0x00002544       0x40
 .text.ICache_Enable
                0x00002544       0x40 build/sam_e51_cnano/debug/_ext/570918426/startup_xc32.o

.text.NVIC_Initialize%57
                0x00002584       0x3e
 .text.NVIC_Initialize
                0x00002584       0x3e build/sam_e51_cnano/debug/_ext/830715028/plib_nvic.o
                0x00002584                NVIC_Initialize

.text.DMAC_ChannelCallbackRegister%58
                0x000025c4       0x3c
 .text.DMAC_ChannelCallbackRegister
                0x000025c4       0x3c build/sam_e51_cnano/debug/_ext/831021835/plib_dmac.o
                0x000025c4                DMAC_ChannelCallbackRegister

.text.__NVIC_EnableIRQ%59
                0x00002600       0x3c
 .text.__NVIC_EnableIRQ
                0x00002600       0x3c build/sam_e51_cnano/debug/_ext/830715028/plib_nvic.o

.text.RTC_InterruptHandler%60
                0x0000263c       0x3c
 .text.RTC_InterruptHandler
                0x0000263c       0x3c build/sam_e51_cnano/debug/_ext/1220132503/plib_rtc_timer.o
                0x0000263c                RTC_InterruptHandler

.text.__fmt_state%61
                0x00002678       0x38
 .text.__fmt_state
                0x00002678       0x38 c:/program files/microchip/xc32/v4.30/bin/bin/../../lib/gcc/pic32c/8.3.1/../../../../pic32c/lib/thumb/v7e-m+fp/hard\libg-musl.a(__printf_core.o)
                0x00002678                __fmt_state

.text.EIC_EXTINT_15_InterruptHandler%62
                0x000026b0       0x34
 .text.EIC_EXTINT_15_InterruptHandler
                0x000026b0       0x34 build/sam_e51_cnano/debug/_ext/1220119669/plib_eic.o
                0x000026b0                EIC_EXTINT_15_InterruptHandler

.text.SYS_Initialize%63
                0x000026e4       0x34
 .text.SYS_Initialize
                0x000026e4       0x34 build/sam_e51_cnano/debug/_ext/570918426/initialization.o
                0x000026e4                SYS_Initialize

.text.RTC_Timer32Start%64
                0x00002718       0x30
 .text.RTC_Timer32Start
                0x00002718       0x30 build/sam_e51_cnano/debug/_ext/1220132503/plib_rtc_timer.o
                0x00002718                RTC_Timer32Start

.text%65        0x00002748       0x30
 .text          0x00002748       0x30 c:/program files/microchip/xc32/v4.30/bin/bin/../../lib/gcc/pic32c/8.3.1/thumb/v7e-m+fp/hard\libgcc.a(_aeabi_uldivmod.o)
                0x00002748                __aeabi_uldivmod

.text.GCLK1_Initialize%66
                0x00002778       0x2c
 .text.GCLK1_Initialize
                0x00002778       0x2c build/sam_e51_cnano/debug/_ext/7187140/plib_clock.o

.text.GCLK2_Initialize%67
                0x000027a4       0x2c
 .text.GCLK2_Initialize
                0x000027a4       0x2c build/sam_e51_cnano/debug/_ext/7187140/plib_clock.o

.text.RTC_Timer32CounterSet%68
                0x000027d0       0x2c
 .text.RTC_Timer32CounterSet
                0x000027d0       0x2c build/sam_e51_cnano/debug/_ext/1220132503/plib_rtc_timer.o
                0x000027d0                RTC_Timer32CounterSet

.text.RTC_Timer32Compare0Set%69
                0x000027fc       0x2c
 .text.RTC_Timer32Compare0Set
                0x000027fc       0x2c build/sam_e51_cnano/debug/_ext/1220132503/plib_rtc_timer.o
                0x000027fc                RTC_Timer32Compare0Set

.text.rtcEventHandler%70
                0x00002828       0x2c
 .text.rtcEventHandler
                0x00002828       0x2c build/sam_e51_cnano/debug/_ext/1360937237/main.o

.text.__pop_float%71
                0x00002854       0x2a
 .text.__pop_float
                0x00002854       0x2a c:/program files/microchip/xc32/v4.30/bin/bin/../../lib/gcc/pic32c/8.3.1/../../../../pic32c/lib/thumb/v7e-m+fp/hard\libg-musl.a(__pop_float.o)
                0x00002854                __pop_float_needed
                0x00002854                __pop_float

.text.RTC_Timer32CallbackRegister%72
                0x00002880       0x28
 .text.RTC_Timer32CallbackRegister
                0x00002880       0x28 build/sam_e51_cnano/debug/_ext/1220132503/plib_rtc_timer.o
                0x00002880                RTC_Timer32CallbackRegister

.text.usartDmaChannelHandler%73
                0x000028a8       0x28
 .text.usartDmaChannelHandler
                0x000028a8       0x28 build/sam_e51_cnano/debug/_ext/1360937237/main.o

.text.__string_out%74
                0x000028d0       0x26
 .text.__string_out
                0x000028d0       0x26 c:/program files/microchip/xc32/v4.30/bin/bin/../../lib/gcc/pic32c/8.3.1/../../../../pic32c/lib/thumb/v7e-m+fp/hard\libg-musl.a(__printf_core.o)
                0x000028d0                __out

.text.TCM_Configure%75
                0x000028f8       0x24
 .text.TCM_Configure
                0x000028f8       0x24 build/sam_e51_cnano/debug/_ext/570918426/startup_xc32.o

.rodata%76      0x0000291c       0x1e
 .rodata        0x0000291c       0x1e c:/program files/microchip/xc32/v4.30/bin/bin/../../lib/gcc/pic32c/8.3.1/../../../../pic32c/lib/thumb/v7e-m+fp/hard\libg-musl.a(__printf_core.o)

.text.__dinit_copy_emb%77
                0x0000293a       0x1e
 .text.__dinit_copy_emb
                0x0000293a       0x1e c:/program files/microchip/xc32/v4.30/bin/bin/../../lib/gcc/pic32c/8.3.1/../../../../pic32c/lib/thumb/v7e-m+fp/hard\libpic32c.a(pic32_data_init_copy_emb.o)
                0x0000293a                __dinit_copy_emb
                0x0000293a                __dinit_copy_emb_needed

.text.__dinit_copy%78
                0x00002958       0x1e
 .text.__dinit_copy
                0x00002958       0x1e c:/program files/microchip/xc32/v4.30/bin/bin/../../lib/gcc/pic32c/8.3.1/../../../../pic32c/lib/thumb/v7e-m+fp/hard\libpic32c.a(pic32_data_init_copy.o)
                0x00002958                __dinit_copy_needed
                0x00002958                __dinit_copy

.text.NVMCTRL_Initialize%79
                0x00002978       0x1c
 .text.NVMCTRL_Initialize
                0x00002978       0x1c build/sam_e51_cnano/debug/_ext/226030394/plib_nvmctrl.o
                0x00002978                NVMCTRL_Initialize

.text.__vfprintf%80
                0x00002994       0x1c
 .text.__vfprintf
                0x00002994       0x1c c:/program files/microchip/xc32/v4.30/bin/bin/../../lib/gcc/pic32c/8.3.1/../../../../pic32c/lib/thumb/v7e-m+fp/hard\libg-musl.a(__int_vfprintf.o)
                0x00002994                __vfprintf

.text.__wrap_snprintf%81
                0x000029b0       0x1a